Archive member included to satisfy reference by file (symbol)

e:/stm/stm32cubeide_1.12.0/stm32cubeide/plugins/com.st.stm32cube.ide.mcu.externaltools.gnu-tools-for-stm32.10.3-2021.10.win32_1.0.200.202301161003/tools/bin/../lib/gcc/arm-none-eabi/10.3.1/../../../../arm-none-eabi/lib/thumb/v7-m/nofp\libc_nano.a(lib_a-errno.o)
                              ./Core/Src/syscalls.o (__errno)
e:/stm/stm32cubeide_1.12.0/stm32cubeide/plugins/com.st.stm32cube.ide.mcu.externaltools.gnu-tools-for-stm32.10.3-2021.10.win32_1.0.200.202301161003/tools/bin/../lib/gcc/arm-none-eabi/10.3.1/../../../../arm-none-eabi/lib/thumb/v7-m/nofp\libc_nano.a(lib_a-exit.o)
                              e:/stm/stm32cubeide_1.12.0/stm32cubeide/plugins/com.st.stm32cube.ide.mcu.externaltools.gnu-tools-for-stm32.10.3-2021.10.win32_1.0.200.202301161003/tools/bin/../lib/gcc/arm-none-eabi/10.3.1/../../../../arm-none-eabi/lib/thumb/v7-m/nofp/crt0.o (exit)
e:/stm/stm32cubeide_1.12.0/stm32cubeide/plugins/com.st.stm32cube.ide.mcu.externaltools.gnu-tools-for-stm32.10.3-2021.10.win32_1.0.200.202301161003/tools/bin/../lib/gcc/arm-none-eabi/10.3.1/../../../../arm-none-eabi/lib/thumb/v7-m/nofp\libc_nano.a(lib_a-impure.o)
                              e:/stm/stm32cubeide_1.12.0/stm32cubeide/plugins/com.st.stm32cube.ide.mcu.externaltools.gnu-tools-for-stm32.10.3-2021.10.win32_1.0.200.202301161003/tools/bin/../lib/gcc/arm-none-eabi/10.3.1/../../../../arm-none-eabi/lib/thumb/v7-m/nofp\libc_nano.a(lib_a-exit.o) (_global_impure_ptr)
e:/stm/stm32cubeide_1.12.0/stm32cubeide/plugins/com.st.stm32cube.ide.mcu.externaltools.gnu-tools-for-stm32.10.3-2021.10.win32_1.0.200.202301161003/tools/bin/../lib/gcc/arm-none-eabi/10.3.1/../../../../arm-none-eabi/lib/thumb/v7-m/nofp\libc_nano.a(lib_a-init.o)
                              e:/stm/stm32cubeide_1.12.0/stm32cubeide/plugins/com.st.stm32cube.ide.mcu.externaltools.gnu-tools-for-stm32.10.3-2021.10.win32_1.0.200.202301161003/tools/bin/../lib/gcc/arm-none-eabi/10.3.1/../../../../arm-none-eabi/lib/thumb/v7-m/nofp/crt0.o (__libc_init_array)
e:/stm/stm32cubeide_1.12.0/stm32cubeide/plugins/com.st.stm32cube.ide.mcu.externaltools.gnu-tools-for-stm32.10.3-2021.10.win32_1.0.200.202301161003/tools/bin/../lib/gcc/arm-none-eabi/10.3.1/../../../../arm-none-eabi/lib/thumb/v7-m/nofp\libc_nano.a(lib_a-memset.o)
                              e:/stm/stm32cubeide_1.12.0/stm32cubeide/plugins/com.st.stm32cube.ide.mcu.externaltools.gnu-tools-for-stm32.10.3-2021.10.win32_1.0.200.202301161003/tools/bin/../lib/gcc/arm-none-eabi/10.3.1/../../../../arm-none-eabi/lib/thumb/v7-m/nofp/crt0.o (memset)
e:/stm/stm32cubeide_1.12.0/stm32cubeide/plugins/com.st.stm32cube.ide.mcu.externaltools.gnu-tools-for-stm32.10.3-2021.10.win32_1.0.200.202301161003/tools/bin/../lib/gcc/arm-none-eabi/10.3.1/../../../../arm-none-eabi/lib/thumb/v7-m/nofp\libc_nano.a(lib_a-printf.o)
                              ./BSP/bsp_mpu9250.o (printf)
e:/stm/stm32cubeide_1.12.0/stm32cubeide/plugins/com.st.stm32cube.ide.mcu.externaltools.gnu-tools-for-stm32.10.3-2021.10.win32_1.0.200.202301161003/tools/bin/../lib/gcc/arm-none-eabi/10.3.1/../../../../arm-none-eabi/lib/thumb/v7-m/nofp\libc_nano.a(lib_a-findfp.o)
                              e:/stm/stm32cubeide_1.12.0/stm32cubeide/plugins/com.st.stm32cube.ide.mcu.externaltools.gnu-tools-for-stm32.10.3-2021.10.win32_1.0.200.202301161003/tools/bin/../lib/gcc/arm-none-eabi/10.3.1/../../../../arm-none-eabi/lib/thumb/v7-m/nofp\libc_nano.a(lib_a-printf.o) (__sinit)
e:/stm/stm32cubeide_1.12.0/stm32cubeide/plugins/com.st.stm32cube.ide.mcu.externaltools.gnu-tools-for-stm32.10.3-2021.10.win32_1.0.200.202301161003/tools/bin/../lib/gcc/arm-none-eabi/10.3.1/../../../../arm-none-eabi/lib/thumb/v7-m/nofp\libc_nano.a(lib_a-fwalk.o)
                              e:/stm/stm32cubeide_1.12.0/stm32cubeide/plugins/com.st.stm32cube.ide.mcu.externaltools.gnu-tools-for-stm32.10.3-2021.10.win32_1.0.200.202301161003/tools/bin/../lib/gcc/arm-none-eabi/10.3.1/../../../../arm-none-eabi/lib/thumb/v7-m/nofp\libc_nano.a(lib_a-findfp.o) (_fwalk)
e:/stm/stm32cubeide_1.12.0/stm32cubeide/plugins/com.st.stm32cube.ide.mcu.externaltools.gnu-tools-for-stm32.10.3-2021.10.win32_1.0.200.202301161003/tools/bin/../lib/gcc/arm-none-eabi/10.3.1/../../../../arm-none-eabi/lib/thumb/v7-m/nofp\libc_nano.a(lib_a-lock.o)
                              e:/stm/stm32cubeide_1.12.0/stm32cubeide/plugins/com.st.stm32cube.ide.mcu.externaltools.gnu-tools-for-stm32.10.3-2021.10.win32_1.0.200.202301161003/tools/bin/../lib/gcc/arm-none-eabi/10.3.1/../../../../arm-none-eabi/lib/thumb/v7-m/nofp\libc_nano.a(lib_a-findfp.o) (__retarget_lock_init_recursive)
e:/stm/stm32cubeide_1.12.0/stm32cubeide/plugins/com.st.stm32cube.ide.mcu.externaltools.gnu-tools-for-stm32.10.3-2021.10.win32_1.0.200.202301161003/tools/bin/../lib/gcc/arm-none-eabi/10.3.1/../../../../arm-none-eabi/lib/thumb/v7-m/nofp\libc_nano.a(lib_a-nano-mallocr.o)
[...]
Memory Configuration

Name             Origin             Length             Attributes
RAM              0x0000000020000000 0x000000000000c000 xrw
FLASH            0x0000000008000000 0x0000000000040000 xr
*default*        0x0000000000000000 0xffffffffffffffff

Linker script and memory map

LOAD e:/stm/stm32cubeide_1.12.0/stm32cubeide/plugins/com.st.stm32cube.ide.mcu.externaltools.gnu-tools-for-stm32.10.3-2021.10.win32_1.0.200.202301161003/tools/bin/../lib/gcc/arm-none-eabi/10.3.1/thumb/v7-m/nofp/crti.o
LOAD e:/stm/stm32cubeide_1.12.0/stm32cubeide/plugins/com.st.stm32cube.ide.mcu.externaltools.gnu-tools-for-stm32.10.3-2021.10.win32_1.0.200.202301161003/tools/bin/../lib/gcc/arm-none-eabi/10.3.1/thumb/v7-m/nofp/crtbegin.o
LOAD e:/stm/stm32cubeide_1.12.0/stm32cubeide/plugins/com.st.stm32cube.ide.mcu.externaltools.gnu-tools-for-stm32.10.3-2021.10.win32_1.0.200.202301161003/tools/bin/../lib/gcc/arm-none-eabi/10.3.1/../../../../arm-none-eabi/lib/thumb/v7-m/nofp/crt0.o
LOAD ./BSP/bsp.o
LOAD ./BSP/bsp_beep.o
LOAD ./BSP/bsp_encoder.o
LOAD ./BSP/bsp_key.o
LOAD ./BSP/bsp_motion.o
LOAD ./BSP/bsp_motor.o
LOAD ./BSP/bsp_mpu9250.o
LOAD ./BSP/bsp_mpuiic.o
LOAD ./BSP/bsp_pid.o
LOAD ./BSP/bsp_pwmServo.o
LOAD ./BSP/bsp_uart.o
LOAD ./Core/Src/dma.o
LOAD ./Core/Src/gpio.o
LOAD ./Core/Src/main.o
LOAD ./Core/Src/stm32f1xx_hal_msp.o
LOAD ./Core/Src/stm32f1xx_it.o
LOAD ./Core/Src/syscalls.o
LOAD ./Core/Src/sysmem.o
LOAD ./Core/Src/system_stm32f1xx.o
LOAD ./Core/Src/tim.o
LOAD ./Core/Src/usart.o
LOAD ./Core/Startup/startup_stm32f103rctx.o
LOAD ./Drivers/STM32F1xx_HAL_Driver/Src/stm32f1xx_hal.o
LOAD ./Drivers/STM32F1xx_HAL_Driver/Src/stm32f1xx_hal_cortex.o
LOAD ./Drivers/STM32F1xx_HAL_Driver/Src/stm32f1xx_hal_dma.o
LOAD ./Drivers/STM32F1xx_HAL_Driver/Src/stm32f1xx_hal_exti.o
LOAD ./Drivers/STM32F1xx_HAL_Driver/Src/stm32f1xx_hal_flash.o
LOAD ./Drivers/STM32F1xx_HAL_Driver/Src/stm32f1xx_hal_flash_ex.o
LOAD ./Drivers/STM32F1xx_HAL_Driver/Src/stm32f1xx_hal_gpio.o
LOAD ./Drivers/STM32F1xx_HAL_Driver/Src/stm32f1xx_hal_gpio_ex.o
LOAD ./Drivers/STM32F1xx_HAL_Driver/Src/stm32f1xx_hal_pwr.o
LOAD ./Drivers/STM32F1xx_HAL_Driver/Src/stm32f1xx_hal_rcc.o
LOAD ./Drivers/STM32F1xx_HAL_Driver/Src/stm32f1xx_hal_rcc_ex.o
LOAD ./Drivers/STM32F1xx_HAL_Driver/Src/stm32f1xx_hal_tim.o
LOAD ./Drivers/STM32F1xx_HAL_Driver/Src/stm32f1xx_hal_tim_ex.o
LOAD ./Drivers/STM32F1xx_HAL_Driver/Src/stm32f1xx_hal_uart.o
START GROUP
LOAD e:/stm/stm32cubeide_1.12.0/stm32cubeide/plugins/com.st.stm32cube.ide.mcu.externaltools.gnu-tools-for-stm32.10.3-2021.10.win32_1.0.200.202301161003/tools/bin/../lib/gcc/arm-none-eabi/10.3.1/../../../../arm-none-eabi/lib/thumb/v7-m/nofp\libc_nano.a
LOAD e:/stm/stm32cubeide_1.12.0/stm32cubeide/plugins/com.st.stm32cube.ide.mcu.externaltools.gnu-tools-for-stm32.10.3-2021.10.win32_1.0.200.202301161003/tools/bin/../lib/gcc/arm-none-eabi/10.3.1/../../../../arm-none-eabi/lib/thumb/v7-m/nofp\libm.a
END GROUP
START GROUP
LOAD e:/stm/stm32cubeide_1.12.0/stm32cubeide/plugins/com.st.stm32cube.ide.mcu.externaltools.gnu-tools-for-stm32.10.3-2021.10.win32_1.0.200.202301161003/tools/bin/../lib/gcc/arm-none-eabi/10.3.1/thumb/v7-m/nofp\libgcc.a
LOAD e:/stm/stm32cubeide_1.12.0/stm32cubeide/plugins/com.st.stm32cube.ide.mcu.externaltools.gnu-tools-for-stm32.10.3-2021.10.win32_1.0.200.202301161003/tools/bin/../lib/gcc/arm-none-eabi/10.3.1/../../../../arm-none-eabi/lib/thumb/v7-m/nofp\libc_nano.a
END GROUP
START GROUP
LOAD e:/stm/stm32cubeide_1.12.0/stm32cubeide/plugins/com.st.stm32cube.ide.mcu.externaltools.gnu-tools-for-stm32.10.3-2021.10.win32_1.0.200.202301161003/tools/bin/../lib/gcc/arm-none-eabi/10.3.1/thumb/v7-m/nofp\libgcc.a
LOAD e:/stm/stm32cubeide_1.12.0/stm32cubeide/plugins/com.st.stm32cube.ide.mcu.externaltools.gnu-tools-for-stm32.10.3-2021.10.win32_1.0.200.202301161003/tools/bin/../lib/gcc/arm-none-eabi/10.3.1/../../../../arm-none-eabi/lib/thumb/v7-m/nofp\libc_nano.a
LOAD e:/stm/stm32cubeide_1.12.0/stm32cubeide/plugins/com.st.stm32cube.ide.mcu.externaltools.gnu-tools-for-stm32.10.3-2021.10.win32_1.0.200.202301161003/tools/bin/../lib/gcc/arm-none-eabi/10.3.1/../../../../arm-none-eabi/lib/thumb/v7-m/nofp\libnosys.a
END GROUP
START GROUP
LOAD e:/stm/stm32cubeide_1.12.0/stm32cubeide/plugins/com.st.stm32cube.ide.mcu.externaltools.gnu-tools-for-stm32.10.3-2021.10.win32_1.0.200.202301161003/tools/bin/../lib/gcc/arm-none-eabi/10.3.1/thumb/v7-m/nofp\libgcc.a
LOAD e:/stm/stm32cubeide_1.12.0/stm32cubeide/plugins/com.st.stm32cube.ide.mcu.externaltools.gnu-tools-for-stm32.10.3-2021.10.win32_1.0.200.202301161003/tools/bin/../lib/gcc/arm-none-eabi/10.3.1/../../../../arm-none-eabi/lib/thumb/v7-m/nofp\libc_nano.a
LOAD e:/stm/stm32cubeide_1.12.0/stm32cubeide/plugins/com.st.stm32cube.ide.mcu.externaltools.gnu-tools-for-stm32.10.3-2021.10.win32_1.0.200.202301161003/tools/bin/../lib/gcc/arm-none-eabi/10.3.1/../../../../arm-none-eabi/lib/thumb/v7-m/nofp\libnosys.a
END GROUP
LOAD e:/stm/stm32cubeide_1.12.0/stm32cubeide/plugins/com.st.stm32cube.ide.mcu.externaltools.gnu-tools-for-stm32.10.3-2021.10.win32_1.0.200.202301161003/tools/bin/../lib/gcc/arm-none-eabi/10.3.1/thumb/v7-m/nofp/crtend.o
LOAD e:/stm/stm32cubeide_1.12.0/stm32cubeide/plugins/com.st.stm32cube.ide.mcu.externaltools.gnu-tools-for-stm32.10.3-2021.10.win32_1.0.200.202301161003/tools/bin/../lib/gcc/arm-none-eabi/10.3.1/thumb/v7-m/nofp/crtn.o
                0x000000002000c000                _estack = (ORIGIN (RAM) + LENGTH (RAM))
                0x0000000000000200                _Min_Heap_Size = 0x200
                0x0000000000000400                _Min_Stack_Size = 0x400

.isr_vector     0x0000000008000000      0x1e4
                0x0000000008000000                . = ALIGN (0x4)
 *(.isr_vector)
 .isr_vector    0x0000000008000000      0x1e4 ./Core/Startup/startup_stm32f103rctx.o
                0x0000000008000000                g_pfnVectors
                0x00000000080001e4                . = ALIGN (0x4)

.text           0x00000000080001e4     0x571c
                0x00000000080001e4                . = ALIGN (0x4)
 *(.text)
 .text          0x00000000080001e4       0x40 e:/stm/stm32cubeide_1.12.0/stm32cubeide/plugins/com.st.stm32cube.ide.mcu.externaltools.gnu-tools-for-stm32.10.3-2021.10.win32_1.0.200.202301161003/tools/bin/../lib/gcc/arm-none-eabi/10.3.1/thumb/v7-m/nofp/crtbegin.o
 .text          0x0000000008000224      0x21c e:/stm/stm32cubeide_1.12.0/stm32cubeide/plugins/com.st.stm32cube.ide.mcu.externaltools.gnu-tools-for-stm32.10.3-2021.10.win32_1.0.200.202301161003/tools/bin/../lib/gcc/arm-none-eabi/10.3.1/thumb/v7-m/nofp\libgcc.a(_arm_addsubsf3.o)
                0x0000000008000224                __aeabi_frsub
                0x000000000800022c                __subsf3
                0x000000000800022c                __aeabi_fsub
                0x0000000008000230                __aeabi_fadd
                0x0000000008000230                __addsf3
                0x0000000008000390                __aeabi_ui2f
                0x0000000008000390                __floatunsisf
                0x0000000008000398                __aeabi_i2f
                0x0000000008000398                __floatsisf
                0x00000000080003b4                __aeabi_ul2f
                0x00000000080003b4                __floatundisf
                0x00000000080003c4                __aeabi_l2f
                0x00000000080003c4                __floatdisf
 .text          0x0000000008000440      0x2a0 e:/stm/stm32cubeide_1.12.0/stm32cubeide/plugins/com.st.stm32cube.ide.mcu.externaltools.gnu-tools-for-stm32.10.3-2021.10.win32_1.0.200.202301161003/tools/bin/../lib/gcc/arm-none-eabi/10.3.1/thumb/v7-m/nofp\libgcc.a(_arm_muldivsf3.o)
                0x0000000008000440                __mulsf3
                0x0000000008000440                __aeabi_fmul
                0x00000000080005a8                __aeabi_fdiv
                0x00000000080005a8                __divsf3
 .text          0x00000000080006e0       0xec e:/stm/stm32cubeide_1.12.0/stm32cubeide/plugins/com.st.stm32cube.ide.mcu.externaltools.gnu-tools-for-stm32.10.3-2021.10.win32_1.0.200.202301161003/tools/bin/../lib/gcc/arm-none-eabi/10.3.1/thumb/v7-m/nofp\libgcc.a(_arm_cmpsf2.o)
                0x00000000080006e0                __gesf2
                0x00000000080006e0                __gtsf2
                0x00000000080006e8                __lesf2
                0x00000000080006e8                __ltsf2
                0x00000000080006f0                __nesf2
                0x00000000080006f0                __eqsf2
                0x00000000080006f0                __cmpsf2
                0x0000000008000750                __aeabi_cfrcmple
                0x0000000008000758                __aeabi_cfcmpeq
                0x0000000008000758                __aeabi_cfcmple
                0x0000000008000768                __aeabi_fcmpeq
                0x000000000800077c                __aeabi_fcmplt
                0x0000000008000790                __aeabi_fcmple
                0x00000000080007a4                __aeabi_fcmpge
                0x00000000080007b8                __aeabi_fcmpgt
 .text          0x00000000080007cc       0x4c e:/stm/stm32cubeide_1.12.0/stm32cubeide/plugins/com.st.stm32cube.ide.mcu.externaltools.gnu-tools-for-stm32.10.3-2021.10.win32_1.0.200.202301161003/tools/bin/../lib/gcc/arm-none-eabi/10.3.1/thumb/v7-m/nofp\libgcc.a(_arm_fixsfsi.o)
                0x00000000080007cc                __aeabi_f2iz
                0x00000000080007cc                __fixsfsi
 *(.text*)
 .text.Bsp_Led_Show_State_Handle
                0x0000000008000818       0x34 ./BSP/bsp.o
                0x0000000008000818                Bsp_Led_Show_State_Handle
 .text.Bsp_Init
                0x000000000800084c       0x22 ./BSP/bsp.o
                0x000000000800084c                Bsp_Init
 *fill*         0x000000000800086e        0x2 
 .text.Bsp_Loop
                0x0000000008000870       0x60 ./BSP/bsp.o
                0x0000000008000870                Bsp_Loop
 .text.Beep_Set_Time
                0x00000000080008d0       0x20 ./BSP/bsp_beep.o
 .text.Beep_Get_Time
                0x00000000080008f0       0x14 ./BSP/bsp_beep.o
 .text.Beep_Set_State
                0x0000000008000904       0x20 ./BSP/bsp_beep.o
 .text.Beep_Get_State
                0x0000000008000924       0x14 ./BSP/bsp_beep.o
 .text.Beep_On_Time
                0x0000000008000938       0x80 ./BSP/bsp_beep.o
                0x0000000008000938                Beep_On_Time
 .text.Beep_Timeout_Close_Handle
                0x00000000080009b8       0x44 ./BSP/bsp_beep.o
                0x00000000080009b8                Beep_Timeout_Close_Handle
 .text.Encoder_Read_CNT
                0x00000000080009fc       0x84 ./BSP/bsp_encoder.o
 .text.Encoder_Get_ALL
                0x0000000008000a80       0x48 ./BSP/bsp_encoder.o
                0x0000000008000a80                Encoder_Get_ALL
 .text.Encoder_Update_Count
                0x0000000008000ac8       0x68 ./BSP/bsp_encoder.o
                0x0000000008000ac8                Encoder_Update_Count
 .text.Encoder_Init
                0x0000000008000b30       0x38 ./BSP/bsp_encoder.o
                0x0000000008000b30                Encoder_Init
 .text.Key1_is_Press
                0x0000000008000b68       0x20 ./BSP/bsp_key.o
 .text.Key1_State
                0x0000000008000b88       0x54 ./BSP/bsp_key.o
                0x0000000008000b88                Key1_State
 .text.Motion_Set_Pwm
                0x0000000008000bdc       0xc4 ./BSP/bsp_motion.o
                0x0000000008000bdc                Motion_Set_Pwm
 .text.Motion_Get_Speed
                0x0000000008000ca0      0x1c0 ./BSP/bsp_motion.o
                0x0000000008000ca0                Motion_Get_Speed
 .text.Motion_Get_APB
                0x0000000008000e60       0x14 ./BSP/bsp_motion.o
                0x0000000008000e60                Motion_Get_APB
 .text.Motion_Get_Circle_MM
                0x0000000008000e74       0x14 ./BSP/bsp_motion.o
                0x0000000008000e74                Motion_Get_Circle_MM
 .text.Motion_Get_Encoder
                0x0000000008000e88       0x64 ./BSP/bsp_motion.o
                0x0000000008000e88                Motion_Get_Encoder
 .text.Motion_Handle
                0x0000000008000eec       0x64 ./BSP/bsp_motion.o
                0x0000000008000eec                Motion_Handle
 .text.Motor_Ignore_Dead_Zone
                0x0000000008000f50       0x3e ./BSP/bsp_motor.o
 *fill*         0x0000000008000f8e        0x2 
 .text.Motor_Init
                0x0000000008000f90       0x50 ./BSP/bsp_motor.o
                0x0000000008000f90                Motor_Init
 .text.Motor_Set_Pwm
                0x0000000008000fe0      0x128 ./BSP/bsp_motor.o
                0x0000000008000fe0                Motor_Set_Pwm
 .text.PID_Param_Init
                0x0000000008001108       0xf0 ./BSP/bsp_pid.o
                0x0000000008001108                PID_Param_Init
 .text.PID_Incre_Calc
                0x00000000080011f8      0x110 ./BSP/bsp_pid.o
                0x00000000080011f8                PID_Incre_Calc
 .text.PID_Calc_Motor
                0x0000000008001308       0x50 ./BSP/bsp_pid.o
                0x0000000008001308                PID_Calc_Motor
 .text.PwmServo_Angle_To_Pulse
                0x0000000008001358       0x38 ./BSP/bsp_pwmServo.o
 .text.PwmServo_Handle
                0x0000000008001390       0xb8 ./BSP/bsp_pwmServo.o
                0x0000000008001390                PwmServo_Handle
 .text.PwmServo_Init
                0x0000000008001448       0x50 ./BSP/bsp_pwmServo.o
                0x0000000008001448                PwmServo_Init
 .text.PwmServo_Set_Angle
                0x0000000008001498       0x50 ./BSP/bsp_pwmServo.o
                0x0000000008001498                PwmServo_Set_Angle
 .text.PwmServo_Set_Angle_All
                0x00000000080014e8       0xa0 ./BSP/bsp_pwmServo.o
                0x00000000080014e8                PwmServo_Set_Angle_All
 .text.HAL_TIM_PeriodElapsedCallback
                0x0000000008001588       0x24 ./BSP/bsp_pwmServo.o
                0x0000000008001588                HAL_TIM_PeriodElapsedCallback
 .text.USART1_Init
                0x00000000080015ac       0x1c ./BSP/bsp_uart.o
                0x00000000080015ac                USART1_Init
 .text.HAL_UART_RxCpltCallback
                0x00000000080015c8       0x4c ./BSP/bsp_uart.o
                0x00000000080015c8                HAL_UART_RxCpltCallback
 .text.MX_DMA_Init
                0x0000000008001614       0x3c ./Core/Src/dma.o
                0x0000000008001614                MX_DMA_Init
 .text.MX_GPIO_Init
                0x0000000008001650      0x140 ./Core/Src/gpio.o
                0x0000000008001650                MX_GPIO_Init
 .text.main     0x0000000008001790       0x3e ./Core/Src/main.o
                0x0000000008001790                main
 .text.SystemClock_Config
                0x00000000080017ce       0x8a ./Core/Src/main.o
                0x00000000080017ce                SystemClock_Config
 .text.Error_Handler
                0x0000000008001858        0xa ./Core/Src/main.o
                0x0000000008001858                Error_Handler
 *fill*         0x0000000008001862        0x2 
 .text.HAL_MspInit
                0x0000000008001864       0x64 ./Core/Src/stm32f1xx_hal_msp.o
                0x0000000008001864                HAL_MspInit
 .text.NMI_Handler
                0x00000000080018c8        0x6 ./Core/Src/stm32f1xx_it.o
                0x00000000080018c8                NMI_Handler
 .text.HardFault_Handler
                0x00000000080018ce        0x6 ./Core/Src/stm32f1xx_it.o
                0x00000000080018ce                HardFault_Handler
 .text.MemManage_Handler
                0x00000000080018d4        0x6 ./Core/Src/stm32f1xx_it.o
                0x00000000080018d4                MemManage_Handler
 .text.BusFault_Handler
                0x00000000080018da        0x6 ./Core/Src/stm32f1xx_it.o
                0x00000000080018da                BusFault_Handler
 .text.UsageFault_Handler
                0x00000000080018e0        0x6 ./Core/Src/stm32f1xx_it.o
                0x00000000080018e0                UsageFault_Handler
 .text.SVC_Handler
                0x00000000080018e6        0xc ./Core/Src/stm32f1xx_it.o
                0x00000000080018e6                SVC_Handler
 .text.DebugMon_Handler
                0x00000000080018f2        0xc ./Core/Src/stm32f1xx_it.o
                0x00000000080018f2                DebugMon_Handler
 .text.PendSV_Handler
                0x00000000080018fe        0xc ./Core/Src/stm32f1xx_it.o
                0x00000000080018fe                PendSV_Handler
 .text.SysTick_Handler
                0x000000000800190a        0xc ./Core/Src/stm32f1xx_it.o
                0x000000000800190a                SysTick_Handler
 *fill*         0x0000000008001916        0x2 
 .text.DMA1_Channel4_IRQHandler
                0x0000000008001918       0x14 ./Core/Src/stm32f1xx_it.o
                0x0000000008001918                DMA1_Channel4_IRQHandler
 .text.USART1_IRQHandler
                0x000000000800192c       0x14 ./Core/Src/stm32f1xx_it.o
                0x000000000800192c                USART1_IRQHandler
 .text.TIM7_IRQHandler
                0x0000000008001940       0x14 ./Core/Src/stm32f1xx_it.o
                0x0000000008001940                TIM7_IRQHandler
 .text.SystemInit
                0x0000000008001954        0xc ./Core/Src/system_stm32f1xx.o
                0x0000000008001954                SystemInit
 .text.MX_TIM1_Init
                0x0000000008001960      0x188 ./Core/Src/tim.o
                0x0000000008001960                MX_TIM1_Init
 .text.MX_TIM2_Init
                0x0000000008001ae8       0xa8 ./Core/Src/tim.o
                0x0000000008001ae8                MX_TIM2_Init
 .text.MX_TIM3_Init
                0x0000000008001b90       0xa8 ./Core/Src/tim.o
                0x0000000008001b90                MX_TIM3_Init
 .text.MX_TIM4_Init
                0x0000000008001c38       0xa8 ./Core/Src/tim.o
                0x0000000008001c38                MX_TIM4_Init
 .text.MX_TIM5_Init
                0x0000000008001ce0       0xa8 ./Core/Src/tim.o
                0x0000000008001ce0                MX_TIM5_Init
 .text.MX_TIM7_Init
                0x0000000008001d88       0x70 ./Core/Src/tim.o
                0x0000000008001d88                MX_TIM7_Init
 .text.MX_TIM8_Init
                0x0000000008001df8      0x188 ./Core/Src/tim.o
                0x0000000008001df8                MX_TIM8_Init
 .text.HAL_TIM_Base_MspInit
                0x0000000008001f80       0x9c ./Core/Src/tim.o
                0x0000000008001f80                HAL_TIM_Base_MspInit
 .text.HAL_TIM_Encoder_MspInit
                0x000000000800201c      0x1e0 ./Core/Src/tim.o
                0x000000000800201c                HAL_TIM_Encoder_MspInit
 .text.HAL_TIM_MspPostInit
                0x00000000080021fc      0x108 ./Core/Src/tim.o
                0x00000000080021fc                HAL_TIM_MspPostInit
 .text.MX_USART1_UART_Init
                0x0000000008002304       0x54 ./Core/Src/usart.o
                0x0000000008002304                MX_USART1_UART_Init
 .text.HAL_UART_MspInit
                0x0000000008002358       0xfc ./Core/Src/usart.o
                0x0000000008002358                HAL_UART_MspInit
 .text.Reset_Handler
                0x0000000008002454       0x48 ./Core/Startup/startup_stm32f103rctx.o
                0x0000000008002454                Reset_Handler
 .text.Default_Handler
                0x000000000800249c        0x2 ./Core/Startup/startup_stm32f103rctx.o
                0x000000000800249c                RTC_Alarm_IRQHandler
                0x000000000800249c                EXTI2_IRQHandler
                0x000000000800249c                TIM8_TRG_COM_IRQHandler
                0x000000000800249c                TIM8_CC_IRQHandler
                0x000000000800249c                TIM1_CC_IRQHandler
                0x000000000800249c                TIM6_IRQHandler
                0x000000000800249c                PVD_IRQHandler
                0x000000000800249c                SDIO_IRQHandler
                0x000000000800249c                EXTI3_IRQHandler
                0x000000000800249c                EXTI0_IRQHandler
                0x000000000800249c                I2C2_EV_IRQHandler
                0x000000000800249c                ADC1_2_IRQHandler
                0x000000000800249c                SPI1_IRQHandler
                0x000000000800249c                TAMPER_IRQHandler
                0x000000000800249c                TIM8_UP_IRQHandler
                0x000000000800249c                DMA2_Channel2_IRQHandler
                0x000000000800249c                USART3_IRQHandler
                0x000000000800249c                RTC_IRQHandler
                0x000000000800249c                DMA1_Channel7_IRQHandler
                0x000000000800249c                CAN1_RX1_IRQHandler
                0x000000000800249c                UART5_IRQHandler
                0x000000000800249c                ADC3_IRQHandler
                0x000000000800249c                TIM4_IRQHandler
                0x000000000800249c                DMA2_Channel1_IRQHandler
                0x000000000800249c                I2C1_EV_IRQHandler
                0x000000000800249c                DMA1_Channel6_IRQHandler
                0x000000000800249c                UART4_IRQHandler
                0x000000000800249c                TIM3_IRQHandler
                0x000000000800249c                RCC_IRQHandler
                0x000000000800249c                TIM1_TRG_COM_IRQHandler
                0x000000000800249c                DMA1_Channel1_IRQHandler
                0x000000000800249c                Default_Handler
                0x000000000800249c                EXTI15_10_IRQHandler
                0x000000000800249c                TIM5_IRQHandler
                0x000000000800249c                EXTI9_5_IRQHandler
                0x000000000800249c                SPI2_IRQHandler
                0x000000000800249c                DMA1_Channel5_IRQHandler
                0x000000000800249c                EXTI4_IRQHandler
                0x000000000800249c                USB_LP_CAN1_RX0_IRQHandler
                0x000000000800249c                USB_HP_CAN1_TX_IRQHandler
                0x000000000800249c                DMA1_Channel3_IRQHandler
                0x000000000800249c                FSMC_IRQHandler
                0x000000000800249c                TIM1_UP_IRQHandler
                0x000000000800249c                WWDG_IRQHandler
                0x000000000800249c                TIM2_IRQHandler
                0x000000000800249c                TIM1_BRK_IRQHandler
                0x000000000800249c                EXTI1_IRQHandler
                0x000000000800249c                DMA2_Channel4_5_IRQHandler
                0x000000000800249c                USART2_IRQHandler
                0x000000000800249c                I2C2_ER_IRQHandler
                0x000000000800249c                DMA1_Channel2_IRQHandler
                0x000000000800249c                TIM8_BRK_IRQHandler
                0x000000000800249c                CAN1_SCE_IRQHandler
                0x000000000800249c                FLASH_IRQHandler
                0x000000000800249c                SPI3_IRQHandler
                0x000000000800249c                I2C1_ER_IRQHandler
                0x000000000800249c                USBWakeUp_IRQHandler
                0x000000000800249c                DMA2_Channel3_IRQHandler
 *fill*         0x000000000800249e        0x2 
 .text.HAL_Init
                0x00000000080024a0       0x2c ./Drivers/STM32F1xx_HAL_Driver/Src/stm32f1xx_hal.o
                0x00000000080024a0                HAL_Init
 .text.HAL_InitTick
                0x00000000080024cc       0x60 ./Drivers/STM32F1xx_HAL_Driver/Src/stm32f1xx_hal.o
                0x00000000080024cc                HAL_InitTick
 .text.HAL_IncTick
                0x000000000800252c       0x24 ./Drivers/STM32F1xx_HAL_Driver/Src/stm32f1xx_hal.o
                0x000000000800252c                HAL_IncTick
 .text.HAL_GetTick
                0x0000000008002550       0x14 ./Drivers/STM32F1xx_HAL_Driver/Src/stm32f1xx_hal.o
                0x0000000008002550                HAL_GetTick
 .text.HAL_Delay
                0x0000000008002564       0x48 ./Drivers/STM32F1xx_HAL_Driver/Src/stm32f1xx_hal.o
                0x0000000008002564                HAL_Delay
 .text.__NVIC_SetPriorityGrouping
                0x00000000080025ac       0x48 ./Drivers/STM32F1xx_HAL_Driver/Src/stm32f1xx_hal_cortex.o
 .text.__NVIC_GetPriorityGrouping
                0x00000000080025f4       0x1c ./Drivers/STM32F1xx_HAL_Driver/Src/stm32f1xx_hal_cortex.o
 .text.__NVIC_EnableIRQ
                0x0000000008002610       0x38 ./Drivers/STM32F1xx_HAL_Driver/Src/stm32f1xx_hal_cortex.o
 .text.__NVIC_SetPriority
                0x0000000008002648       0x54 ./Drivers/STM32F1xx_HAL_Driver/Src/stm32f1xx_hal_cortex.o
 .text.NVIC_EncodePriority
                0x000000000800269c       0x64 ./Drivers/STM32F1xx_HAL_Driver/Src/stm32f1xx_hal_cortex.o
 .text.SysTick_Config
                0x0000000008002700       0x44 ./Drivers/STM32F1xx_HAL_Driver/Src/stm32f1xx_hal_cortex.o
 .text.HAL_NVIC_SetPriorityGrouping
                0x0000000008002744       0x16 ./Drivers/STM32F1xx_HAL_Driver/Src/stm32f1xx_hal_cortex.o
                0x0000000008002744                HAL_NVIC_SetPriorityGrouping
 .text.HAL_NVIC_SetPriority
                0x000000000800275a       0x38 ./Drivers/STM32F1xx_HAL_Driver/Src/stm32f1xx_hal_cortex.o
                0x000000000800275a                HAL_NVIC_SetPriority
 .text.HAL_NVIC_EnableIRQ
                0x0000000008002792       0x1c ./Drivers/STM32F1xx_HAL_Driver/Src/stm32f1xx_hal_cortex.o
                0x0000000008002792                HAL_NVIC_EnableIRQ
 .text.HAL_SYSTICK_Config
                0x00000000080027ae       0x18 ./Drivers/STM32F1xx_HAL_Driver/Src/stm32f1xx_hal_cortex.o
                0x00000000080027ae                HAL_SYSTICK_Config
 *fill*         0x00000000080027c6        0x2 
 .text.HAL_DMA_Init
                0x00000000080027c8       0xec ./Drivers/STM32F1xx_HAL_Driver/Src/stm32f1xx_hal_dma.o
                0x00000000080027c8                HAL_DMA_Init
 .text.HAL_DMA_Abort
                0x00000000080028b4       0x74 ./Drivers/STM32F1xx_HAL_Driver/Src/stm32f1xx_hal_dma.o
                0x00000000080028b4                HAL_DMA_Abort
 .text.HAL_DMA_Abort_IT
                0x0000000008002928      0x210 ./Drivers/STM32F1xx_HAL_Driver/Src/stm32f1xx_hal_dma.o
                0x0000000008002928                HAL_DMA_Abort_IT
 .text.HAL_DMA_IRQHandler
                0x0000000008002b38      0x478 ./Drivers/STM32F1xx_HAL_Driver/Src/stm32f1xx_hal_dma.o
                0x0000000008002b38                HAL_DMA_IRQHandler
 .text.HAL_GPIO_Init
                0x0000000008002fb0      0x328 ./Drivers/STM32F1xx_HAL_Driver/Src/stm32f1xx_hal_gpio.o
                0x0000000008002fb0                HAL_GPIO_Init
 .text.HAL_GPIO_ReadPin
                0x00000000080032d8       0x2e ./Drivers/STM32F1xx_HAL_Driver/Src/stm32f1xx_hal_gpio.o
                0x00000000080032d8                HAL_GPIO_ReadPin
 .text.HAL_GPIO_WritePin
                0x0000000008003306       0x30 ./Drivers/STM32F1xx_HAL_Driver/Src/stm32f1xx_hal_gpio.o
                0x0000000008003306                HAL_GPIO_WritePin
 .text.HAL_GPIO_TogglePin
                0x0000000008003336       0x32 ./Drivers/STM32F1xx_HAL_Driver/Src/stm32f1xx_hal_gpio.o
                0x0000000008003336                HAL_GPIO_TogglePin
 .text.HAL_RCC_OscConfig
                0x0000000008003368      0x504 ./Drivers/STM32F1xx_HAL_Driver/Src/stm32f1xx_hal_rcc.o
                0x0000000008003368                HAL_RCC_OscConfig
 .text.HAL_RCC_ClockConfig
                0x000000000800386c      0x1d4 ./Drivers/STM32F1xx_HAL_Driver/Src/stm32f1xx_hal_rcc.o
                0x000000000800386c                HAL_RCC_ClockConfig
 .text.HAL_RCC_GetSysClockFreq
                0x0000000008003a40       0xbc ./Drivers/STM32F1xx_HAL_Driver/Src/stm32f1xx_hal_rcc.o
                0x0000000008003a40                HAL_RCC_GetSysClockFreq
 .text.HAL_RCC_GetHCLKFreq
                0x0000000008003afc       0x14 ./Drivers/STM32F1xx_HAL_Driver/Src/stm32f1xx_hal_rcc.o
                0x0000000008003afc                HAL_RCC_GetHCLKFreq
 .text.HAL_RCC_GetPCLK1Freq
                0x0000000008003b10       0x28 ./Drivers/STM32F1xx_HAL_Driver/Src/stm32f1xx_hal_rcc.o
                0x0000000008003b10                HAL_RCC_GetPCLK1Freq
 .text.HAL_RCC_GetPCLK2Freq
                0x0000000008003b38       0x28 ./Drivers/STM32F1xx_HAL_Driver/Src/stm32f1xx_hal_rcc.o
                0x0000000008003b38                HAL_RCC_GetPCLK2Freq
 .text.RCC_Delay
                0x0000000008003b60       0x3c ./Drivers/STM32F1xx_HAL_Driver/Src/stm32f1xx_hal_rcc.o
 .text.HAL_TIM_Base_Init
                0x0000000008003b9c       0x9e ./Drivers/STM32F1xx_HAL_Driver/Src/stm32f1xx_hal_tim.o
                0x0000000008003b9c                HAL_TIM_Base_Init
 *fill*         0x0000000008003c3a        0x2 
 .text.HAL_TIM_Base_Start_IT
                0x0000000008003c3c       0xc0 ./Drivers/STM32F1xx_HAL_Driver/Src/stm32f1xx_hal_tim.o
                0x0000000008003c3c                HAL_TIM_Base_Start_IT
 .text.HAL_TIM_PWM_Init
                0x0000000008003cfc       0x9e ./Drivers/STM32F1xx_HAL_Driver/Src/stm32f1xx_hal_tim.o
                0x0000000008003cfc                HAL_TIM_PWM_Init
 .text.HAL_TIM_PWM_MspInit
                0x0000000008003d9a       0x12 ./Drivers/STM32F1xx_HAL_Driver/Src/stm32f1xx_hal_tim.o
                0x0000000008003d9a                HAL_TIM_PWM_MspInit
 .text.HAL_TIM_PWM_Start
                0x0000000008003dac      0x174 ./Drivers/STM32F1xx_HAL_Driver/Src/stm32f1xx_hal_tim.o
                0x0000000008003dac                HAL_TIM_PWM_Start
 .text.HAL_TIM_Encoder_Init
                0x0000000008003f20      0x144 ./Drivers/STM32F1xx_HAL_Driver/Src/stm32f1xx_hal_tim.o
                0x0000000008003f20                HAL_TIM_Encoder_Init
 .text.HAL_TIM_Encoder_Start
                0x0000000008004064      0x11c ./Drivers/STM32F1xx_HAL_Driver/Src/stm32f1xx_hal_tim.o
                0x0000000008004064                HAL_TIM_Encoder_Start
 .text.HAL_TIM_IRQHandler
                0x0000000008004180      0x210 ./Drivers/STM32F1xx_HAL_Driver/Src/stm32f1xx_hal_tim.o
                0x0000000008004180                HAL_TIM_IRQHandler
 .text.HAL_TIM_PWM_ConfigChannel
                0x0000000008004390      0x17c ./Drivers/STM32F1xx_HAL_Driver/Src/stm32f1xx_hal_tim.o
                0x0000000008004390                HAL_TIM_PWM_ConfigChannel
 .text.HAL_TIM_ConfigClockSource
                0x000000000800450c      0x188 ./Drivers/STM32F1xx_HAL_Driver/Src/stm32f1xx_hal_tim.o
                0x000000000800450c                HAL_TIM_ConfigClockSource
 .text.HAL_TIM_OC_DelayElapsedCallback
                0x0000000008004694       0x12 ./Drivers/STM32F1xx_HAL_Driver/Src/stm32f1xx_hal_tim.o
                0x0000000008004694                HAL_TIM_OC_DelayElapsedCallback
 .text.HAL_TIM_IC_CaptureCallback
                0x00000000080046a6       0x12 ./Drivers/STM32F1xx_HAL_Driver/Src/stm32f1xx_hal_tim.o
                0x00000000080046a6                HAL_TIM_IC_CaptureCallback
 .text.HAL_TIM_PWM_PulseFinishedCallback
                0x00000000080046b8       0x12 ./Drivers/STM32F1xx_HAL_Driver/Src/stm32f1xx_hal_tim.o
                0x00000000080046b8                HAL_TIM_PWM_PulseFinishedCallback
 .text.HAL_TIM_TriggerCallback
                0x00000000080046ca       0x12 ./Drivers/STM32F1xx_HAL_Driver/Src/stm32f1xx_hal_tim.o
                0x00000000080046ca                HAL_TIM_TriggerCallback
 .text.TIM_Base_SetConfig
                0x00000000080046dc       0xf4 ./Drivers/STM32F1xx_HAL_Driver/Src/stm32f1xx_hal_tim.o
                0x00000000080046dc                TIM_Base_SetConfig
 .text.TIM_OC1_SetConfig
                0x00000000080047d0       0xe0 ./Drivers/STM32F1xx_HAL_Driver/Src/stm32f1xx_hal_tim.o
 .text.TIM_OC2_SetConfig
                0x00000000080048b0       0xe8 ./Drivers/STM32F1xx_HAL_Driver/Src/stm32f1xx_hal_tim.o
                0x00000000080048b0                TIM_OC2_SetConfig
 .text.TIM_OC3_SetConfig
                0x0000000008004998       0xe8 ./Drivers/STM32F1xx_HAL_Driver/Src/stm32f1xx_hal_tim.o
 .text.TIM_OC4_SetConfig
                0x0000000008004a80       0xa8 ./Drivers/STM32F1xx_HAL_Driver/Src/stm32f1xx_hal_tim.o
 .text.TIM_TI1_ConfigInputStage
                0x0000000008004b28       0x5c ./Drivers/STM32F1xx_HAL_Driver/Src/stm32f1xx_hal_tim.o
 .text.TIM_TI2_ConfigInputStage
                0x0000000008004b84       0x5e ./Drivers/STM32F1xx_HAL_Driver/Src/stm32f1xx_hal_tim.o
 .text.TIM_ITRx_SetConfig
                0x0000000008004be2       0x34 ./Drivers/STM32F1xx_HAL_Driver/Src/stm32f1xx_hal_tim.o
 .text.TIM_ETR_SetConfig
                0x0000000008004c16       0x3e ./Drivers/STM32F1xx_HAL_Driver/Src/stm32f1xx_hal_tim.o
                0x0000000008004c16                TIM_ETR_SetConfig
 .text.TIM_CCxChannelCmd
                0x0000000008004c54       0x48 ./Drivers/STM32F1xx_HAL_Driver/Src/stm32f1xx_hal_tim.o
                0x0000000008004c54                TIM_CCxChannelCmd
 .text.HAL_TIMEx_PWMN_Start
                0x0000000008004c9c      0x158 ./Drivers/STM32F1xx_HAL_Driver/Src/stm32f1xx_hal_tim_ex.o
                0x0000000008004c9c                HAL_TIMEx_PWMN_Start
 .text.HAL_TIMEx_MasterConfigSynchronization
                0x0000000008004df4       0xd8 ./Drivers/STM32F1xx_HAL_Driver/Src/stm32f1xx_hal_tim_ex.o
                0x0000000008004df4                HAL_TIMEx_MasterConfigSynchronization
 .text.HAL_TIMEx_ConfigBreakDeadTime
                0x0000000008004ecc       0xa2 ./Drivers/STM32F1xx_HAL_Driver/Src/stm32f1xx_hal_tim_ex.o
                0x0000000008004ecc                HAL_TIMEx_ConfigBreakDeadTime
 .text.HAL_TIMEx_CommutCallback
                0x0000000008004f6e       0x12 ./Drivers/STM32F1xx_HAL_Driver/Src/stm32f1xx_hal_tim_ex.o
                0x0000000008004f6e                HAL_TIMEx_CommutCallback
 .text.HAL_TIMEx_BreakCallback
                0x0000000008004f80       0x12 ./Drivers/STM32F1xx_HAL_Driver/Src/stm32f1xx_hal_tim_ex.o
                0x0000000008004f80                HAL_TIMEx_BreakCallback
 .text.TIM_CCxNChannelCmd
                0x0000000008004f92       0x48 ./Drivers/STM32F1xx_HAL_Driver/Src/stm32f1xx_hal_tim_ex.o
 .text.HAL_UART_Init
                0x0000000008004fda       0x9a ./Drivers/STM32F1xx_HAL_Driver/Src/stm32f1xx_hal_uart.o
                0x0000000008004fda                HAL_UART_Init
 .text.HAL_UART_Receive_IT
                0x0000000008005074       0x60 ./Drivers/STM32F1xx_HAL_Driver/Src/stm32f1xx_hal_uart.o
                0x0000000008005074                HAL_UART_Receive_IT
 .text.HAL_UART_IRQHandler
                0x00000000080050d4      0x354 ./Drivers/STM32F1xx_HAL_Driver/Src/stm32f1xx_hal_uart.o
                0x00000000080050d4                HAL_UART_IRQHandler
 .text.HAL_UART_TxCpltCallback
                0x0000000008005428       0x12 ./Drivers/STM32F1xx_HAL_Driver/Src/stm32f1xx_hal_uart.o
                0x0000000008005428                HAL_UART_TxCpltCallback
 .text.HAL_UART_ErrorCallback
                0x000000000800543a       0x12 ./Drivers/STM32F1xx_HAL_Driver/Src/stm32f1xx_hal_uart.o
                0x000000000800543a                HAL_UART_ErrorCallback
 .text.HAL_UARTEx_RxEventCallback
                0x000000000800544c       0x16 ./Drivers/STM32F1xx_HAL_Driver/Src/stm32f1xx_hal_uart.o
                0x000000000800544c                HAL_UARTEx_RxEventCallback
 .text.UART_Start_Receive_IT
                0x0000000008005462       0x72 ./Drivers/STM32F1xx_HAL_Driver/Src/stm32f1xx_hal_uart.o
                0x0000000008005462                UART_Start_Receive_IT
 .text.UART_EndRxTransfer
                0x00000000080054d4       0x58 ./Drivers/STM32F1xx_HAL_Driver/Src/stm32f1xx_hal_uart.o
 .text.UART_DMAAbortOnError
                0x000000000800552c       0x28 ./Drivers/STM32F1xx_HAL_Driver/Src/stm32f1xx_hal_uart.o
 .text.UART_Transmit_IT
                0x0000000008005554       0x9e ./Drivers/STM32F1xx_HAL_Driver/Src/stm32f1xx_hal_uart.o
 .text.UART_EndTransmit_IT
                0x00000000080055f2       0x30 ./Drivers/STM32F1xx_HAL_Driver/Src/stm32f1xx_hal_uart.o
 .text.UART_Receive_IT
                0x0000000008005622      0x152 ./Drivers/STM32F1xx_HAL_Driver/Src/stm32f1xx_hal_uart.o
 .text.UART_SetConfig
                0x0000000008005774      0x11c ./Drivers/STM32F1xx_HAL_Driver/Src/stm32f1xx_hal_uart.o
 .text.__libc_init_array
                0x0000000008005890       0x48 e:/stm/stm32cubeide_1.12.0/stm32cubeide/plugins/com.st.stm32cube.ide.mcu.externaltools.gnu-tools-for-stm32.10.3-2021.10.win32_1.0.200.202301161003/tools/bin/../lib/gcc/arm-none-eabi/10.3.1/../../../../arm-none-eabi/lib/thumb/v7-m/nofp\libc_nano.a(lib_a-init.o)
                0x0000000008005890                __libc_init_array
 .text.memset   0x00000000080058d8       0x10 e:/stm/stm32cubeide_1.12.0/stm32cubeide/plugins/com.st.stm32cube.ide.mcu.externaltools.gnu-tools-for-stm32.10.3-2021.10.win32_1.0.200.202301161003/tools/bin/../lib/gcc/arm-none-eabi/10.3.1/../../../../arm-none-eabi/lib/thumb/v7-m/nofp\libc_nano.a(lib_a-memset.o)
                0x00000000080058d8                memset
 *(.glue_7)
 .glue_7        0x00000000080058e8        0x0 linker stubs
 *(.glue_7t)
 .glue_7t       0x00000000080058e8        0x0 linker stubs
 *(.eh_frame)
 .eh_frame      0x00000000080058e8        0x0 e:/stm/stm32cubeide_1.12.0/stm32cubeide/plugins/com.st.stm32cube.ide.mcu.externaltools.gnu-tools-for-stm32.10.3-2021.10.win32_1.0.200.202301161003/tools/bin/../lib/gcc/arm-none-eabi/10.3.1/thumb/v7-m/nofp/crtbegin.o
 *(.init)
 .init          0x00000000080058e8        0x4 e:/stm/stm32cubeide_1.12.0/stm32cubeide/plugins/com.st.stm32cube.ide.mcu.externaltools.gnu-tools-for-stm32.10.3-2021.10.win32_1.0.200.202301161003/tools/bin/../lib/gcc/arm-none-eabi/10.3.1/thumb/v7-m/nofp/crti.o
                0x00000000080058e8                _init
 .init          0x00000000080058ec        0x8 e:/stm/stm32cubeide_1.12.0/stm32cubeide/plugins/com.st.stm32cube.ide.mcu.externaltools.gnu-tools-for-stm32.10.3-2021.10.win32_1.0.200.202301161003/tools/bin/../lib/gcc/arm-none-eabi/10.3.1/thumb/v7-m/nofp/crtn.o
 *(.fini)
 .fini          0x00000000080058f4        0x4 e:/stm/stm32cubeide_1.12.0/stm32cubeide/plugins/com.st.stm32cube.ide.mcu.externaltools.gnu-tools-for-stm32.10.3-2021.10.win32_1.0.200.202301161003/tools/bin/../lib/gcc/arm-none-eabi/10.3.1/thumb/v7-m/nofp/crti.o
                0x00000000080058f4                _fini
 .fini          0x00000000080058f8        0x8 e:/stm/stm32cubeide_1.12.0/stm32cubeide/plugins/com.st.stm32cube.ide.mcu.externaltools.gnu-tools-for-stm32.10.3-2021.10.win32_1.0.200.202301161003/tools/bin/../lib/gcc/arm-none-eabi/10.3.1/thumb/v7-m/nofp/crtn.o
                0x0000000008005900                . = ALIGN (0x4)
                0x0000000008005900                _etext = .

.vfp11_veneer   0x0000000008005900        0x0
 .vfp11_veneer  0x0000000008005900        0x0 linker stubs

.v4_bx          0x0000000008005900        0x0
 .v4_bx         0x0000000008005900        0x0 linker stubs

.iplt           0x0000000008005900        0x0
 .iplt          0x0000000008005900        0x0 e:/stm/stm32cubeide_1.12.0/stm32cubeide/plugins/com.st.stm32cube.ide.mcu.externaltools.gnu-tools-for-stm32.10.3-2021.10.win32_1.0.200.202301161003/tools/bin/../lib/gcc/arm-none-eabi/10.3.1/thumb/v7-m/nofp/crtbegin.o

.rodata         0x0000000008005900       0x28
                0x0000000008005900                . = ALIGN (0x4)
 *(.rodata)
 .rodata        0x0000000008005900       0x10 ./Drivers/STM32F1xx_HAL_Driver/Src/stm32f1xx_hal_rcc.o
 *(.rodata*)
 .rodata.AHBPrescTable
                0x0000000008005910       0x10 ./Core/Src/system_stm32f1xx.o
                0x0000000008005910                AHBPrescTable
 .rodata.APBPrescTable
                0x0000000008005920        0x8 ./Core/Src/system_stm32f1xx.o
                0x0000000008005920                APBPrescTable
                0x0000000008005928                . = ALIGN (0x4)

.rel.dyn        0x0000000008005928        0x0
 .rel.iplt      0x0000000008005928        0x0 e:/stm/stm32cubeide_1.12.0/stm32cubeide/plugins/com.st.stm32cube.ide.mcu.externaltools.gnu-tools-for-stm32.10.3-2021.10.win32_1.0.200.202301161003/tools/bin/../lib/gcc/arm-none-eabi/10.3.1/thumb/v7-m/nofp/crtbegin.o

.ARM.extab      0x0000000008005928        0x0
                0x0000000008005928                . = ALIGN (0x4)
 *(.ARM.extab* .gnu.linkonce.armextab.*)
                0x0000000008005928                . = ALIGN (0x4)

.ARM            0x0000000008005928        0x0
                0x0000000008005928                . = ALIGN (0x4)
                0x0000000008005928                __exidx_start = .
 *(.ARM.exidx*)
                0x0000000008005928                __exidx_end = .
                0x0000000008005928                . = ALIGN (0x4)

.preinit_array  0x0000000008005928        0x0
                0x0000000008005928                . = ALIGN (0x4)
                0x0000000008005928                PROVIDE (__preinit_array_start = .)
 *(.preinit_array*)
                0x0000000008005928                PROVIDE (__preinit_array_end = .)
                0x0000000008005928                . = ALIGN (0x4)

.init_array     0x0000000008005928        0x4
                0x0000000008005928                . = ALIGN (0x4)
                0x0000000008005928                PROVIDE (__init_array_start = .)
 *(SORT_BY_NAME(.init_array.*))
 *(.init_array*)
 .init_array    0x0000000008005928        0x4 e:/stm/stm32cubeide_1.12.0/stm32cubeide/plugins/com.st.stm32cube.ide.mcu.externaltools.gnu-tools-for-stm32.10.3-2021.10.win32_1.0.200.202301161003/tools/bin/../lib/gcc/arm-none-eabi/10.3.1/thumb/v7-m/nofp/crtbegin.o
                0x000000000800592c                PROVIDE (__init_array_end = .)
                0x000000000800592c                . = ALIGN (0x4)

.fini_array     0x000000000800592c        0x4
                0x000000000800592c                . = ALIGN (0x4)
                [!provide]                        PROVIDE (__fini_array_start = .)
 *(SORT_BY_NAME(.fini_array.*))
 *(.fini_array*)
 .fini_array    0x000000000800592c        0x4 e:/stm/stm32cubeide_1.12.0/stm32cubeide/plugins/com.st.stm32cube.ide.mcu.externaltools.gnu-tools-for-stm32.10.3-2021.10.win32_1.0.200.202301161003/tools/bin/../lib/gcc/arm-none-eabi/10.3.1/thumb/v7-m/nofp/crtbegin.o
                [!provide]                        PROVIDE (__fini_array_end = .)
                0x0000000008005930                . = ALIGN (0x4)
                0x0000000008005930                _sidata = LOADADDR (.data)

.data           0x0000000020000000       0x18 load address 0x0000000008005930
                0x0000000020000000                . = ALIGN (0x4)
                0x0000000020000000                _sdata = .
 *(.data)
 *(.data*)
 .data.g_pwm_angle
                0x0000000020000000        0x4 ./BSP/bsp_pwmServo.o
                0x0000000020000000                g_pwm_angle
 .data.g_angle_num
                0x0000000020000004        0x8 ./BSP/bsp_pwmServo.o
                0x0000000020000004                g_angle_num
 .data.SystemCoreClock
                0x000000002000000c        0x4 ./Core/Src/system_stm32f1xx.o
                0x000000002000000c                SystemCoreClock
 .data.uwTickPrio
                0x0000000020000010        0x4 ./Drivers/STM32F1xx_HAL_Driver/Src/stm32f1xx_hal.o
                0x0000000020000010                uwTickPrio
 .data.uwTickFreq
                0x0000000020000014        0x1 ./Drivers/STM32F1xx_HAL_Driver/Src/stm32f1xx_hal.o
                0x0000000020000014                uwTickFreq
 *(.RamFunc)
 *(.RamFunc*)
                0x0000000020000018                . = ALIGN (0x4)
 *fill*         0x0000000020000015        0x3 
                0x0000000020000018                _edata = .

.igot.plt       0x0000000020000018        0x0 load address 0x0000000008005948
 .igot.plt      0x0000000020000018        0x0 e:/stm/stm32cubeide_1.12.0/stm32cubeide/plugins/com.st.stm32cube.ide.mcu.externaltools.gnu-tools-for-stm32.10.3-2021.10.win32_1.0.200.202301161003/tools/bin/../lib/gcc/arm-none-eabi/10.3.1/thumb/v7-m/nofp/crtbegin.o
                0x0000000020000018                . = ALIGN (0x4)

.bss            0x0000000020000018      0x3c0 load address 0x0000000008005948
                0x0000000020000018                _sbss = .
                0x0000000020000018                __bss_start__ = _sbss
 *(.bss)
 .bss           0x0000000020000018       0x1c e:/stm/stm32cubeide_1.12.0/stm32cubeide/plugins/com.st.stm32cube.ide.mcu.externaltools.gnu-tools-for-stm32.10.3-2021.10.win32_1.0.200.202301161003/tools/bin/../lib/gcc/arm-none-eabi/10.3.1/thumb/v7-m/nofp/crtbegin.o
 *(.bss*)
 .bss.car_state
                0x0000000020000034        0x4 ./BSP/bsp.o
                0x0000000020000034                car_state
 .bss.led_count.0
                0x0000000020000038        0x1 ./BSP/bsp.o
 *fill*         0x0000000020000039        0x1 
 .bss.beep_on_time
                0x000000002000003a        0x2 ./BSP/bsp_beep.o
                0x000000002000003a                beep_on_time
 .bss.beep_state
                0x000000002000003c        0x1 ./BSP/bsp_beep.o
                0x000000002000003c                beep_state
 *fill*         0x000000002000003d        0x3 
 .bss.g_Encoder_M1_Now
                0x0000000020000040        0x4 ./BSP/bsp_encoder.o
                0x0000000020000040                g_Encoder_M1_Now
 .bss.g_Encoder_M2_Now
                0x0000000020000044        0x4 ./BSP/bsp_encoder.o
                0x0000000020000044                g_Encoder_M2_Now
 .bss.g_Encoder_M3_Now
                0x0000000020000048        0x4 ./BSP/bsp_encoder.o
                0x0000000020000048                g_Encoder_M3_Now
 .bss.g_Encoder_M4_Now
                0x000000002000004c        0x4 ./BSP/bsp_encoder.o
                0x000000002000004c                g_Encoder_M4_Now
 .bss.key1_state.0
                0x0000000020000050        0x2 ./BSP/bsp_key.o
 *fill*         0x0000000020000052        0x2 
 .bss.g_Encoder_All_Now
                0x0000000020000054       0x10 ./BSP/bsp_motion.o
                0x0000000020000054                g_Encoder_All_Now
 .bss.g_Encoder_All_Last
                0x0000000020000064       0x10 ./BSP/bsp_motion.o
                0x0000000020000064                g_Encoder_All_Last
 .bss.g_Encoder_All_Offset
                0x0000000020000074       0x10 ./BSP/bsp_motion.o
                0x0000000020000074                g_Encoder_All_Offset
 .bss.g_start_ctrl
                0x0000000020000084        0x1 ./BSP/bsp_motion.o
                0x0000000020000084                g_start_ctrl
 *fill*         0x0000000020000085        0x3 
 .bss.car_data  0x0000000020000088        0x6 ./BSP/bsp_motion.o
                0x0000000020000088                car_data
 *fill*         0x000000002000008e        0x2 
 .bss.motor_data
                0x0000000020000090       0x28 ./BSP/bsp_motion.o
                0x0000000020000090                motor_data
 .bss.pid_motor
                0x00000000200000b8       0x90 ./BSP/bsp_pid.o
                0x00000000200000b8                pid_motor
 .bss.g_pwm_pulse
                0x0000000020000148        0x2 ./BSP/bsp_pwmServo.o
                0x0000000020000148                g_pwm_pulse
 *fill*         0x000000002000014a        0x2 
 .bss.RxBuffer  0x000000002000014c        0x8 ./BSP/bsp_uart.o
                0x000000002000014c                RxBuffer
 .bss.htim1     0x0000000020000154       0x48 ./Core/Src/tim.o
                0x0000000020000154                htim1
 .bss.htim2     0x000000002000019c       0x48 ./Core/Src/tim.o
                0x000000002000019c                htim2
 .bss.htim3     0x00000000200001e4       0x48 ./Core/Src/tim.o
                0x00000000200001e4                htim3
 .bss.htim4     0x000000002000022c       0x48 ./Core/Src/tim.o
                0x000000002000022c                htim4
 .bss.htim5     0x0000000020000274       0x48 ./Core/Src/tim.o
                0x0000000020000274                htim5
 .bss.htim7     0x00000000200002bc       0x48 ./Core/Src/tim.o
                0x00000000200002bc                htim7
 .bss.htim8     0x0000000020000304       0x48 ./Core/Src/tim.o
                0x0000000020000304                htim8
 .bss.huart1    0x000000002000034c       0x44 ./Core/Src/usart.o
                0x000000002000034c                huart1
 .bss.hdma_usart1_tx
                0x0000000020000390       0x44 ./Core/Src/usart.o
                0x0000000020000390                hdma_usart1_tx
 .bss.uwTick    0x00000000200003d4        0x4 ./Drivers/STM32F1xx_HAL_Driver/Src/stm32f1xx_hal.o
                0x00000000200003d4                uwTick
 *(COMMON)
                0x00000000200003d8                . = ALIGN (0x4)
                0x00000000200003d8                _ebss = .
                0x00000000200003d8                __bss_end__ = _ebss

._user_heap_stack
                0x00000000200003d8      0x600 load address 0x0000000008005948
                0x00000000200003d8                . = ALIGN (0x8)
                [!provide]                        PROVIDE (end = .)
                0x00000000200003d8                PROVIDE (_end = .)
                0x00000000200005d8                . = (. + _Min_Heap_Size)
 *fill*         0x00000000200003d8      0x200 
                0x00000000200009d8                . = (. + _Min_Stack_Size)
 *fill*         0x00000000200005d8      0x400 
                0x00000000200009d8                . = ALIGN (0x8)

/DISCARD/
 libc.a(*)
 libm.a(*)
 libgcc.a(*)

.ARM.attributes
                0x0000000000000000       0x29
 *(.ARM.attributes)
 .ARM.attributes
                0x0000000000000000       0x1d e:/stm/stm32cubeide_1.12.0/stm32cubeide/plugins/com.st.stm32cube.ide.mcu.externaltools.gnu-tools-for-stm32.10.3-2021.10.win32_1.0.200.202301161003/tools/bin/../lib/gcc/arm-none-eabi/10.3.1/thumb/v7-m/nofp/crti.o
 .ARM.attributes
                0x000000000000001d       0x2d e:/stm/stm32cubeide_1.12.0/stm32cubeide/plugins/com.st.stm32cube.ide.mcu.externaltools.gnu-tools-for-stm32.10.3-2021.10.win32_1.0.200.202301161003/tools/bin/../lib/gcc/arm-none-eabi/10.3.1/thumb/v7-m/nofp/crtbegin.o
 .ARM.attributes
                0x000000000000004a       0x2d ./BSP/bsp.o
 .ARM.attributes
                0x0000000000000077       0x2d ./BSP/bsp_beep.o
 .ARM.attributes
                0x00000000000000a4       0x2d ./BSP/bsp_encoder.o
 .ARM.attributes
                0x00000000000000d1       0x2d ./BSP/bsp_key.o
 .ARM.attributes
                0x00000000000000fe       0x2d ./BSP/bsp_motion.o
 .ARM.attributes
                0x000000000000012b       0x2d ./BSP/bsp_motor.o
 .ARM.attributes
                0x0000000000000158       0x2d ./BSP/bsp_pid.o
 .ARM.attributes
                0x0000000000000185       0x2d ./BSP/bsp_pwmServo.o
 .ARM.attributes
                0x00000000000001b2       0x2d ./BSP/bsp_uart.o
 .ARM.attributes
                0x00000000000001df       0x2d ./Core/Src/dma.o
 .ARM.attributes
                0x000000000000020c       0x2d ./Core/Src/gpio.o
 .ARM.attributes
                0x0000000000000239       0x2d ./Core/Src/main.o
 .ARM.attributes
                0x0000000000000266       0x2d ./Core/Src/stm32f1xx_hal_msp.o
 .ARM.attributes
                0x0000000000000293       0x2d ./Core/Src/stm32f1xx_it.o
 .ARM.attributes
                0x00000000000002c0       0x2d ./Core/Src/system_stm32f1xx.o
 .ARM.attributes
                0x00000000000002ed       0x2d ./Core/Src/tim.o
 .ARM.attributes
                0x000000000000031a       0x2d ./Core/Src/usart.o
 .ARM.attributes
                0x0000000000000347       0x21 ./Core/Startup/startup_stm32f103rctx.o
 .ARM.attributes
                0x0000000000000368       0x2d ./Drivers/STM32F1xx_HAL_Driver/Src/stm32f1xx_hal.o
 .ARM.attributes
                0x0000000000000395       0x2d ./Drivers/STM32F1xx_HAL_Driver/Src/stm32f1xx_hal_cortex.o
 .ARM.attributes
                0x00000000000003c2       0x2d ./Drivers/STM32F1xx_HAL_Driver/Src/stm32f1xx_hal_dma.o
 .ARM.attributes
                0x00000000000003ef       0x2d ./Drivers/STM32F1xx_HAL_Driver/Src/stm32f1xx_hal_gpio.o
 .ARM.attributes
                0x000000000000041c       0x2d ./Drivers/STM32F1xx_HAL_Driver/Src/stm32f1xx_hal_rcc.o
 .ARM.attributes
                0x0000000000000449       0x2d ./Drivers/STM32F1xx_HAL_Driver/Src/stm32f1xx_hal_tim.o
 .ARM.attributes
                0x0000000000000476       0x2d ./Drivers/STM32F1xx_HAL_Driver/Src/stm32f1xx_hal_tim_ex.o
 .ARM.attributes
                0x00000000000004a3       0x2d ./Drivers/STM32F1xx_HAL_Driver/Src/stm32f1xx_hal_uart.o
 .ARM.attributes
                0x00000000000004d0       0x2d e:/stm/stm32cubeide_1.12.0/stm32cubeide/plugins/com.st.stm32cube.ide.mcu.externaltools.gnu-tools-for-stm32.10.3-2021.10.win32_1.0.200.202301161003/tools/bin/../lib/gcc/arm-none-eabi/10.3.1/../../../../arm-none-eabi/lib/thumb/v7-m/nofp\libc_nano.a(lib_a-init.o)
 .ARM.attributes
                0x00000000000004fd       0x2d e:/stm/stm32cubeide_1.12.0/stm32cubeide/plugins/com.st.stm32cube.ide.mcu.externaltools.gnu-tools-for-stm32.10.3-2021.10.win32_1.0.200.202301161003/tools/bin/../lib/gcc/arm-none-eabi/10.3.1/../../../../arm-none-eabi/lib/thumb/v7-m/nofp\libc_nano.a(lib_a-memset.o)
 .ARM.attributes
                0x000000000000052a       0x1d e:/stm/stm32cubeide_1.12.0/stm32cubeide/plugins/com.st.stm32cube.ide.mcu.externaltools.gnu-tools-for-stm32.10.3-2021.10.win32_1.0.200.202301161003/tools/bin/../lib/gcc/arm-none-eabi/10.3.1/thumb/v7-m/nofp\libgcc.a(_arm_addsubsf3.o)
 .ARM.attributes
                0x0000000000000547       0x1d e:/stm/stm32cubeide_1.12.0/stm32cubeide/plugins/com.st.stm32cube.ide.mcu.externaltools.gnu-tools-for-stm32.10.3-2021.10.win32_1.0.200.202301161003/tools/bin/../lib/gcc/arm-none-eabi/10.3.1/thumb/v7-m/nofp\libgcc.a(_arm_muldivsf3.o)
 .ARM.attributes
                0x0000000000000564       0x1d e:/stm/stm32cubeide_1.12.0/stm32cubeide/plugins/com.st.stm32cube.ide.mcu.externaltools.gnu-tools-for-stm32.10.3-2021.10.win32_1.0.200.202301161003/tools/bin/../lib/gcc/arm-none-eabi/10.3.1/thumb/v7-m/nofp\libgcc.a(_arm_cmpsf2.o)
 .ARM.attributes
                0x0000000000000581       0x1d e:/stm/stm32cubeide_1.12.0/stm32cubeide/plugins/com.st.stm32cube.ide.mcu.externaltools.gnu-tools-for-stm32.10.3-2021.10.win32_1.0.200.202301161003/tools/bin/../lib/gcc/arm-none-eabi/10.3.1/thumb/v7-m/nofp\libgcc.a(_arm_fixsfsi.o)
 .ARM.attributes
                0x000000000000059e       0x1d e:/stm/stm32cubeide_1.12.0/stm32cubeide/plugins/com.st.stm32cube.ide.mcu.externaltools.gnu-tools-for-stm32.10.3-2021.10.win32_1.0.200.202301161003/tools/bin/../lib/gcc/arm-none-eabi/10.3.1/thumb/v7-m/nofp/crtn.o
OUTPUT(Serial.elf elf32-littlearm)
LOAD linker stubs
LOAD e:/stm/stm32cubeide_1.12.0/stm32cubeide/plugins/com.st.stm32cube.ide.mcu.externaltools.gnu-tools-for-stm32.10.3-2021.10.win32_1.0.200.202301161003/tools/bin/../lib/gcc/arm-none-eabi/10.3.1/../../../../arm-none-eabi/lib/thumb/v7-m/nofp\libc.a
LOAD e:/stm/stm32cubeide_1.12.0/stm32cubeide/plugins/com.st.stm32cube.ide.mcu.externaltools.gnu-tools-for-stm32.10.3-2021.10.win32_1.0.200.202301161003/tools/bin/../lib/gcc/arm-none-eabi/10.3.1/../../../../arm-none-eabi/lib/thumb/v7-m/nofp\libm.a
LOAD e:/stm/stm32cubeide_1.12.0/stm32cubeide/plugins/com.st.stm32cube.ide.mcu.externaltools.gnu-tools-for-stm32.10.3-2021.10.win32_1.0.200.202301161003/tools/bin/../lib/gcc/arm-none-eabi/10.3.1/thumb/v7-m/nofp\libgcc.a

.debug_info     0x0000000000000000     0xe0c2
 .debug_info    0x0000000000000000      0x258 ./BSP/bsp.o
 .debug_info    0x0000000000000258      0x280 ./BSP/bsp_beep.o
 .debug_info    0x00000000000004d8      0x7ef ./BSP/bsp_encoder.o
 .debug_info    0x0000000000000cc7      0x1e6 ./BSP/bsp_key.o
 .debug_info    0x0000000000000ead      0x542 ./BSP/bsp_motion.o
 .debug_info    0x00000000000013ef      0x79c ./BSP/bsp_motor.o
 .debug_info    0x0000000000001b8b      0x38d ./BSP/bsp_pid.o
 .debug_info    0x0000000000001f18      0x894 ./BSP/bsp_pwmServo.o
 .debug_info    0x00000000000027ac      0x736 ./BSP/bsp_uart.o
 .debug_info    0x0000000000002ee2      0x34c ./Core/Src/dma.o
 .debug_info    0x000000000000322e      0x30b ./Core/Src/gpio.o
 .debug_info    0x0000000000003539      0x30c ./Core/Src/main.o
 .debug_info    0x0000000000003845      0x210 ./Core/Src/stm32f1xx_hal_msp.o
 .debug_info    0x0000000000003a55      0x9ba ./Core/Src/stm32f1xx_it.o
 .debug_info    0x000000000000440f      0x23d ./Core/Src/system_stm32f1xx.o
 .debug_info    0x000000000000464c     0x1299 ./Core/Src/tim.o
 .debug_info    0x00000000000058e5      0xa1e ./Core/Src/usart.o
 .debug_info    0x0000000000006303       0x22 ./Core/Startup/startup_stm32f103rctx.o
 .debug_info    0x0000000000006325      0x79a ./Drivers/STM32F1xx_HAL_Driver/Src/stm32f1xx_hal.o
 .debug_info    0x0000000000006abf      0xb86 ./Drivers/STM32F1xx_HAL_Driver/Src/stm32f1xx_hal_cortex.o
 .debug_info    0x0000000000007645      0x73f ./Drivers/STM32F1xx_HAL_Driver/Src/stm32f1xx_hal_dma.o
 .debug_info    0x0000000000007d84      0x615 ./Drivers/STM32F1xx_HAL_Driver/Src/stm32f1xx_hal_gpio.o
 .debug_info    0x0000000000008399      0x860 ./Drivers/STM32F1xx_HAL_Driver/Src/stm32f1xx_hal_rcc.o
 .debug_info    0x0000000000008bf9     0x29de ./Drivers/STM32F1xx_HAL_Driver/Src/stm32f1xx_hal_tim.o
 .debug_info    0x000000000000b5d7     0x1513 ./Drivers/STM32F1xx_HAL_Driver/Src/stm32f1xx_hal_tim_ex.o
 .debug_info    0x000000000000caea     0x15d8 ./Drivers/STM32F1xx_HAL_Driver/Src/stm32f1xx_hal_uart.o

.debug_abbrev   0x0000000000000000     0x2cab
 .debug_abbrev  0x0000000000000000      0x13f ./BSP/bsp.o
 .debug_abbrev  0x000000000000013f      0x173 ./BSP/bsp_beep.o
 .debug_abbrev  0x00000000000002b2      0x1e2 ./BSP/bsp_encoder.o
 .debug_abbrev  0x0000000000000494      0x120 ./BSP/bsp_key.o
 .debug_abbrev  0x00000000000005b4      0x1b6 ./BSP/bsp_motion.o
 .debug_abbrev  0x000000000000076a      0x1f5 ./BSP/bsp_motor.o
 .debug_abbrev  0x000000000000095f      0x165 ./BSP/bsp_pid.o
 .debug_abbrev  0x0000000000000ac4      0x1dc ./BSP/bsp_pwmServo.o
 .debug_abbrev  0x0000000000000ca0      0x1f5 ./BSP/bsp_uart.o
 .debug_abbrev  0x0000000000000e95       0xf8 ./Core/Src/dma.o
 .debug_abbrev  0x0000000000000f8d      0x134 ./Core/Src/gpio.o
 .debug_abbrev  0x00000000000010c1      0x16e ./Core/Src/main.o
 .debug_abbrev  0x000000000000122f       0xd4 ./Core/Src/stm32f1xx_hal_msp.o
 .debug_abbrev  0x0000000000001303      0x184 ./Core/Src/stm32f1xx_it.o
 .debug_abbrev  0x0000000000001487      0x13b ./Core/Src/system_stm32f1xx.o
 .debug_abbrev  0x00000000000015c2      0x255 ./Core/Src/tim.o
 .debug_abbrev  0x0000000000001817      0x1ff ./Core/Src/usart.o
 .debug_abbrev  0x0000000000001a16       0x12 ./Core/Startup/startup_stm32f103rctx.o
 .debug_abbrev  0x0000000000001a28      0x1fb ./Drivers/STM32F1xx_HAL_Driver/Src/stm32f1xx_hal.o
 .debug_abbrev  0x0000000000001c23      0x2ed ./Drivers/STM32F1xx_HAL_Driver/Src/stm32f1xx_hal_cortex.o
 .debug_abbrev  0x0000000000001f10      0x1fe ./Drivers/STM32F1xx_HAL_Driver/Src/stm32f1xx_hal_dma.o
 .debug_abbrev  0x000000000000210e      0x1bb ./Drivers/STM32F1xx_HAL_Driver/Src/stm32f1xx_hal_gpio.o
 .debug_abbrev  0x00000000000022c9      0x2a8 ./Drivers/STM32F1xx_HAL_Driver/Src/stm32f1xx_hal_rcc.o
 .debug_abbrev  0x0000000000002571      0x25d ./Drivers/STM32F1xx_HAL_Driver/Src/stm32f1xx_hal_tim.o
 .debug_abbrev  0x00000000000027ce      0x265 ./Drivers/STM32F1xx_HAL_Driver/Src/stm32f1xx_hal_tim_ex.o
 .debug_abbrev  0x0000000000002a33      0x278 ./Drivers/STM32F1xx_HAL_Driver/Src/stm32f1xx_hal_uart.o

.debug_aranges  0x0000000000000000      0xec8
 .debug_aranges
                0x0000000000000000       0x30 ./BSP/bsp.o
 .debug_aranges
                0x0000000000000030       0x48 ./BSP/bsp_beep.o
 .debug_aranges
                0x0000000000000078       0x40 ./BSP/bsp_encoder.o
 .debug_aranges
                0x00000000000000b8       0x28 ./BSP/bsp_key.o
 .debug_aranges
                0x00000000000000e0       0x60 ./BSP/bsp_motion.o
 .debug_aranges
                0x0000000000000140       0x38 ./BSP/bsp_motor.o
 .debug_aranges
                0x0000000000000178       0x48 ./BSP/bsp_pid.o
 .debug_aranges
                0x00000000000001c0       0x48 ./BSP/bsp_pwmServo.o
 .debug_aranges
                0x0000000000000208       0x40 ./BSP/bsp_uart.o
 .debug_aranges
                0x0000000000000248       0x20 ./Core/Src/dma.o
 .debug_aranges
                0x0000000000000268       0x20 ./Core/Src/gpio.o
 .debug_aranges
                0x0000000000000288       0x30 ./Core/Src/main.o
 .debug_aranges
                0x00000000000002b8       0x20 ./Core/Src/stm32f1xx_hal_msp.o
 .debug_aranges
                0x00000000000002d8       0x78 ./Core/Src/stm32f1xx_it.o
 .debug_aranges
                0x0000000000000350       0x28 ./Core/Src/system_stm32f1xx.o
 .debug_aranges
                0x0000000000000378       0x78 ./Core/Src/tim.o
 .debug_aranges
                0x00000000000003f0       0x30 ./Core/Src/usart.o
 .debug_aranges
                0x0000000000000420       0x28 ./Core/Startup/startup_stm32f103rctx.o
 .debug_aranges
                0x0000000000000448       0xe0 ./Drivers/STM32F1xx_HAL_Driver/Src/stm32f1xx_hal.o
 .debug_aranges
                0x0000000000000528      0x100 ./Drivers/STM32F1xx_HAL_Driver/Src/stm32f1xx_hal_cortex.o
 .debug_aranges
                0x0000000000000628       0x80 ./Drivers/STM32F1xx_HAL_Driver/Src/stm32f1xx_hal_dma.o
 .debug_aranges
                0x00000000000006a8       0x58 ./Drivers/STM32F1xx_HAL_Driver/Src/stm32f1xx_hal_gpio.o
 .debug_aranges
                0x0000000000000700       0x90 ./Drivers/STM32F1xx_HAL_Driver/Src/stm32f1xx_hal_rcc.o
 .debug_aranges
                0x0000000000000790      0x3d0 ./Drivers/STM32F1xx_HAL_Driver/Src/stm32f1xx_hal_tim.o
 .debug_aranges
                0x0000000000000b60      0x168 ./Drivers/STM32F1xx_HAL_Driver/Src/stm32f1xx_hal_tim_ex.o
 .debug_aranges
                0x0000000000000cc8      0x200 ./Drivers/STM32F1xx_HAL_Driver/Src/stm32f1xx_hal_uart.o

.debug_ranges   0x0000000000000000      0xd60
 .debug_ranges  0x0000000000000000       0x20 ./BSP/bsp.o
 .debug_ranges  0x0000000000000020       0x38 ./BSP/bsp_beep.o
 .debug_ranges  0x0000000000000058       0x30 ./BSP/bsp_encoder.o
 .debug_ranges  0x0000000000000088       0x18 ./BSP/bsp_key.o
 .debug_ranges  0x00000000000000a0       0x50 ./BSP/bsp_motion.o
 .debug_ranges  0x00000000000000f0       0x28 ./BSP/bsp_motor.o
 .debug_ranges  0x0000000000000118       0x38 ./BSP/bsp_pid.o
 .debug_ranges  0x0000000000000150       0x38 ./BSP/bsp_pwmServo.o
 .debug_ranges  0x0000000000000188       0x30 ./BSP/bsp_uart.o
 .debug_ranges  0x00000000000001b8       0x10 ./Core/Src/dma.o
 .debug_ranges  0x00000000000001c8       0x10 ./Core/Src/gpio.o
 .debug_ranges  0x00000000000001d8       0x20 ./Core/Src/main.o
 .debug_ranges  0x00000000000001f8       0x10 ./Core/Src/stm32f1xx_hal_msp.o
 .debug_ranges  0x0000000000000208       0x68 ./Core/Src/stm32f1xx_it.o
 .debug_ranges  0x0000000000000270       0x18 ./Core/Src/system_stm32f1xx.o
 .debug_ranges  0x0000000000000288       0x68 ./Core/Src/tim.o
 .debug_ranges  0x00000000000002f0       0x20 ./Core/Src/usart.o
 .debug_ranges  0x0000000000000310       0x20 ./Core/Startup/startup_stm32f103rctx.o
 .debug_ranges  0x0000000000000330       0xd0 ./Drivers/STM32F1xx_HAL_Driver/Src/stm32f1xx_hal.o
 .debug_ranges  0x0000000000000400       0xf0 ./Drivers/STM32F1xx_HAL_Driver/Src/stm32f1xx_hal_cortex.o
 .debug_ranges  0x00000000000004f0       0x70 ./Drivers/STM32F1xx_HAL_Driver/Src/stm32f1xx_hal_dma.o
 .debug_ranges  0x0000000000000560       0x48 ./Drivers/STM32F1xx_HAL_Driver/Src/stm32f1xx_hal_gpio.o
 .debug_ranges  0x00000000000005a8       0x80 ./Drivers/STM32F1xx_HAL_Driver/Src/stm32f1xx_hal_rcc.o
 .debug_ranges  0x0000000000000628      0x3c0 ./Drivers/STM32F1xx_HAL_Driver/Src/stm32f1xx_hal_tim.o
 .debug_ranges  0x00000000000009e8      0x158 ./Drivers/STM32F1xx_HAL_Driver/Src/stm32f1xx_hal_tim_ex.o
 .debug_ranges  0x0000000000000b40      0x220 ./Drivers/STM32F1xx_HAL_Driver/Src/stm32f1xx_hal_uart.o

.debug_macro    0x0000000000000000    0x1c50a
 .debug_macro   0x0000000000000000      0x3ab ./BSP/bsp.o
 .debug_macro   0x00000000000003ab      0xa6c ./BSP/bsp.o
 .debug_macro   0x0000000000000e17      0x221 ./BSP/bsp.o
 .debug_macro   0x0000000000001038       0x2e ./BSP/bsp.o
 .debug_macro   0x0000000000001066       0x22 ./BSP/bsp.o
 .debug_macro   0x0000000000001088       0x22 ./BSP/bsp.o
 .debug_macro   0x00000000000010aa       0x8e ./BSP/bsp.o
 .debug_macro   0x0000000000001138       0x51 ./BSP/bsp.o
 .debug_macro   0x0000000000001189      0x103 ./BSP/bsp.o
 .debug_macro   0x000000000000128c       0x6a ./BSP/bsp.o
 .debug_macro   0x00000000000012f6      0x1df ./BSP/bsp.o
 .debug_macro   0x00000000000014d5       0x1c ./BSP/bsp.o
 .debug_macro   0x00000000000014f1       0x22 ./BSP/bsp.o
 .debug_macro   0x0000000000001513       0xbd ./BSP/bsp.o
 .debug_macro   0x00000000000015d0      0xd23 ./BSP/bsp.o
 .debug_macro   0x00000000000022f3     0xfd8c ./BSP/bsp.o
 .debug_macro   0x000000000001207f       0x6d ./BSP/bsp.o
 .debug_macro   0x00000000000120ec     0x3468 ./BSP/bsp.o
 .debug_macro   0x0000000000015554      0x174 ./BSP/bsp.o
 .debug_macro   0x00000000000156c8       0x5c ./BSP/bsp.o
 .debug_macro   0x0000000000015724      0x5be ./BSP/bsp.o
 .debug_macro   0x0000000000015ce2      0x4d5 ./BSP/bsp.o
 .debug_macro   0x00000000000161b7      0x1cb ./BSP/bsp.o
 .debug_macro   0x0000000000016382      0x114 ./BSP/bsp.o
 .debug_macro   0x0000000000016496      0x1ea ./BSP/bsp.o
 .debug_macro   0x0000000000016680       0x27 ./BSP/bsp.o
 .debug_macro   0x00000000000166a7      0x144 ./BSP/bsp.o
 .debug_macro   0x00000000000167eb      0x1bc ./BSP/bsp.o
 .debug_macro   0x00000000000169a7       0x30 ./BSP/bsp.o
 .debug_macro   0x00000000000169d7       0x3c ./BSP/bsp.o
 .debug_macro   0x0000000000016a13       0x57 ./BSP/bsp.o
 .debug_macro   0x0000000000016a6a       0x88 ./BSP/bsp.o
 .debug_macro   0x0000000000016af2      0x24f ./BSP/bsp.o
 .debug_macro   0x0000000000016d41      0x141 ./BSP/bsp.o
 .debug_macro   0x0000000000016e82      0x8d1 ./BSP/bsp.o
 .debug_macro   0x0000000000017753      0x279 ./BSP/bsp.o
 .debug_macro   0x00000000000179cc       0xb5 ./BSP/bsp.o
 .debug_macro   0x0000000000017a81       0x7c ./BSP/bsp.o
 .debug_macro   0x0000000000017afd       0x28 ./BSP/bsp.o
 .debug_macro   0x0000000000017b25       0x22 ./BSP/bsp.o
 .debug_macro   0x0000000000017b47       0x4c ./BSP/bsp.o
 .debug_macro   0x0000000000017b93       0x10 ./BSP/bsp.o
 .debug_macro   0x0000000000017ba3       0x28 ./BSP/bsp.o
 .debug_macro   0x0000000000017bcb       0x1c ./BSP/bsp.o
 .debug_macro   0x0000000000017be7       0x58 ./BSP/bsp.o
 .debug_macro   0x0000000000017c3f       0x22 ./BSP/bsp.o
 .debug_macro   0x0000000000017c61      0x1d2 ./BSP/bsp.o
 .debug_macro   0x0000000000017e33       0x52 ./BSP/bsp.o
 .debug_macro   0x0000000000017e85       0x18 ./BSP/bsp.o
 .debug_macro   0x0000000000017e9d       0x3c ./BSP/bsp.o
 .debug_macro   0x0000000000017ed9       0x34 ./BSP/bsp.o
 .debug_macro   0x0000000000017f0d       0x16 ./BSP/bsp.o
 .debug_macro   0x0000000000017f23       0x35 ./BSP/bsp.o
 .debug_macro   0x0000000000017f58      0x341 ./BSP/bsp.o
 .debug_macro   0x0000000000018299       0x10 ./BSP/bsp.o
 .debug_macro   0x00000000000182a9       0x16 ./BSP/bsp.o
 .debug_macro   0x00000000000182bf       0x43 ./BSP/bsp.o
 .debug_macro   0x0000000000018302       0x34 ./BSP/bsp.o
 .debug_macro   0x0000000000018336       0x10 ./BSP/bsp.o
 .debug_macro   0x0000000000018346       0x58 ./BSP/bsp.o
 .debug_macro   0x000000000001839e       0x71 ./BSP/bsp.o
 .debug_macro   0x000000000001840f       0x1c ./BSP/bsp.o
 .debug_macro   0x000000000001842b      0x12a ./BSP/bsp.o
 .debug_macro   0x0000000000018555       0x10 ./BSP/bsp.o
 .debug_macro   0x0000000000018565       0x1c ./BSP/bsp.o
 .debug_macro   0x0000000000018581       0x52 ./BSP/bsp.o
 .debug_macro   0x00000000000185d3       0x22 ./BSP/bsp.o
 .debug_macro   0x00000000000185f5       0x10 ./BSP/bsp.o
 .debug_macro   0x0000000000018605       0x52 ./BSP/bsp.o
 .debug_macro   0x0000000000018657       0xd5 ./BSP/bsp.o
 .debug_macro   0x000000000001872c       0x1c ./BSP/bsp.o
 .debug_macro   0x0000000000018748       0x3d ./BSP/bsp.o
 .debug_macro   0x0000000000018785       0x16 ./BSP/bsp.o
 .debug_macro   0x000000000001879b      0x145 ./BSP/bsp.o
 .debug_macro   0x00000000000188e0       0x16 ./BSP/bsp.o
 .debug_macro   0x00000000000188f6      0x3b1 ./BSP/bsp_beep.o
 .debug_macro   0x0000000000018ca7       0x22 ./BSP/bsp_beep.o
 .debug_macro   0x0000000000018cc9      0x3b2 ./BSP/bsp_encoder.o
 .debug_macro   0x000000000001907b      0x3b1 ./BSP/bsp_key.o
 .debug_macro   0x000000000001942c       0x1c ./BSP/bsp_key.o
 .debug_macro   0x0000000000019448      0x3b1 ./BSP/bsp_motion.o
 .debug_macro   0x00000000000197f9       0x22 ./BSP/bsp_motion.o
 .debug_macro   0x000000000001981b      0x3b1 ./BSP/bsp_motor.o
 .debug_macro   0x0000000000019bcc       0x46 ./BSP/bsp_motor.o
 .debug_macro   0x0000000000019c12      0x3b7 ./BSP/bsp_pid.o
 .debug_macro   0x0000000000019fc9       0x16 ./BSP/bsp_pid.o
 .debug_macro   0x0000000000019fdf      0x3b1 ./BSP/bsp_pwmServo.o
 .debug_macro   0x000000000001a390       0x52 ./BSP/bsp_pwmServo.o
 .debug_macro   0x000000000001a3e2      0x3b7 ./BSP/bsp_uart.o
 .debug_macro   0x000000000001a799      0x1bc ./Core/Src/dma.o
 .debug_macro   0x000000000001a955      0x1bc ./Core/Src/gpio.o
 .debug_macro   0x000000000001ab11      0x3b5 ./Core/Src/main.o
 .debug_macro   0x000000000001aec6      0x1b2 ./Core/Src/stm32f1xx_hal_msp.o
 .debug_macro   0x000000000001b078      0x1bc ./Core/Src/stm32f1xx_it.o
 .debug_macro   0x000000000001b234      0x1a3 ./Core/Src/system_stm32f1xx.o
 .debug_macro   0x000000000001b3d7      0x1bc ./Core/Src/tim.o
 .debug_macro   0x000000000001b593      0x1bc ./Core/Src/usart.o
 .debug_macro   0x000000000001b74f      0x1c7 ./Drivers/STM32F1xx_HAL_Driver/Src/stm32f1xx_hal.o
 .debug_macro   0x000000000001b916      0x1a3 ./Drivers/STM32F1xx_HAL_Driver/Src/stm32f1xx_hal_cortex.o
 .debug_macro   0x000000000001bab9      0x1a3 ./Drivers/STM32F1xx_HAL_Driver/Src/stm32f1xx_hal_dma.o
 .debug_macro   0x000000000001bc5c      0x20e ./Drivers/STM32F1xx_HAL_Driver/Src/stm32f1xx_hal_gpio.o
 .debug_macro   0x000000000001be6a      0x1b5 ./Drivers/STM32F1xx_HAL_Driver/Src/stm32f1xx_hal_rcc.o
 .debug_macro   0x000000000001c01f      0x1a4 ./Drivers/STM32F1xx_HAL_Driver/Src/stm32f1xx_hal_tim.o
 .debug_macro   0x000000000001c1c3      0x1a3 ./Drivers/STM32F1xx_HAL_Driver/Src/stm32f1xx_hal_tim_ex.o
 .debug_macro   0x000000000001c366      0x1a4 ./Drivers/STM32F1xx_HAL_Driver/Src/stm32f1xx_hal_uart.o

.debug_line     0x0000000000000000    0x13f92
 .debug_line    0x0000000000000000      0x969 ./BSP/bsp.o
 .debug_line    0x0000000000000969      0x9b9 ./BSP/bsp_beep.o
 .debug_line    0x0000000000001322      0xa06 ./BSP/bsp_encoder.o
 .debug_line    0x0000000000001d28      0x94b ./BSP/bsp_key.o
 .debug_line    0x0000000000002673      0xbdb ./BSP/bsp_motion.o
 .debug_line    0x000000000000324e      0xa65 ./BSP/bsp_motor.o
 .debug_line    0x0000000000003cb3      0xb1c ./BSP/bsp_pid.o
 .debug_line    0x00000000000047cf      0xa42 ./BSP/bsp_pwmServo.o
 .debug_line    0x0000000000005211      0x982 ./BSP/bsp_uart.o
 .debug_line    0x0000000000005b93      0x679 ./Core/Src/dma.o
 .debug_line    0x000000000000620c      0x6c0 ./Core/Src/gpio.o
 .debug_line    0x00000000000068cc      0x9a5 ./Core/Src/main.o
 .debug_line    0x0000000000007271      0x67e ./Core/Src/stm32f1xx_hal_msp.o
 .debug_line    0x00000000000078ef      0x788 ./Core/Src/stm32f1xx_it.o
 .debug_line    0x0000000000008077      0x6fc ./Core/Src/system_stm32f1xx.o
 .debug_line    0x0000000000008773      0xb23 ./Core/Src/tim.o
 .debug_line    0x0000000000009296      0x713 ./Core/Src/usart.o
 .debug_line    0x00000000000099a9       0x87 ./Core/Startup/startup_stm32f103rctx.o
 .debug_line    0x0000000000009a30      0x929 ./Drivers/STM32F1xx_HAL_Driver/Src/stm32f1xx_hal.o
 .debug_line    0x000000000000a359      0xb11 ./Drivers/STM32F1xx_HAL_Driver/Src/stm32f1xx_hal_cortex.o
 .debug_line    0x000000000000ae6a     0x1253 ./Drivers/STM32F1xx_HAL_Driver/Src/stm32f1xx_hal_dma.o
 .debug_line    0x000000000000c0bd      0x9e8 ./Drivers/STM32F1xx_HAL_Driver/Src/stm32f1xx_hal_gpio.o
 .debug_line    0x000000000000caa5      0xd37 ./Drivers/STM32F1xx_HAL_Driver/Src/stm32f1xx_hal_rcc.o
 .debug_line    0x000000000000d7dc     0x34fd ./Drivers/STM32F1xx_HAL_Driver/Src/stm32f1xx_hal_tim.o
 .debug_line    0x0000000000010cd9     0x18b5 ./Drivers/STM32F1xx_HAL_Driver/Src/stm32f1xx_hal_tim_ex.o
 .debug_line    0x000000000001258e     0x1a04 ./Drivers/STM32F1xx_HAL_Driver/Src/stm32f1xx_hal_uart.o

.debug_str      0x0000000000000000    0x99c52
 .debug_str     0x0000000000000000    0x95ff6 ./BSP/bsp.o
                                      0x9640a (size before relaxing)
 .debug_str     0x0000000000095ff6       0xa0 ./BSP/bsp_beep.o
                                      0x963e0 (size before relaxing)
 .debug_str     0x0000000000096096      0x580 ./BSP/bsp_encoder.o
                                      0x96916 (size before relaxing)
 .debug_str     0x0000000000096616       0x3b ./BSP/bsp_key.o
                                      0x9637d (size before relaxing)
 .debug_str     0x0000000000096651      0x256 ./BSP/bsp_motion.o
                                      0x965b4 (size before relaxing)
 .debug_str     0x00000000000968a7       0x63 ./BSP/bsp_motor.o
                                      0x968a8 (size before relaxing)
 .debug_str     0x000000000009690a       0xa5 ./BSP/bsp_pid.o
                                      0x96444 (size before relaxing)
 .debug_str     0x00000000000969af       0xc8 ./BSP/bsp_pwmServo.o
                                      0x968f1 (size before relaxing)
 .debug_str     0x0000000000096a77      0x2cd ./BSP/bsp_uart.o
                                      0x9680c (size before relaxing)
 .debug_str     0x0000000000096d44      0x39d ./Core/Src/dma.o
                                      0x91b4d (size before relaxing)
 .debug_str     0x00000000000970e1       0x54 ./Core/Src/gpio.o
                                      0x9180b (size before relaxing)
 .debug_str     0x0000000000097135      0x1f5 ./Core/Src/main.o
                                      0x9652e (size before relaxing)
 .debug_str     0x000000000009732a       0x5a ./Core/Src/stm32f1xx_hal_msp.o
                                      0x91793 (size before relaxing)
 .debug_str     0x0000000000097384      0x14d ./Core/Src/stm32f1xx_it.o
                                      0x91efc (size before relaxing)
 .debug_str     0x00000000000974d1       0xc0 ./Core/Src/system_stm32f1xx.o
                                      0x9161f (size before relaxing)
 .debug_str     0x0000000000097591      0x3b5 ./Core/Src/tim.o
                                      0x92511 (size before relaxing)
 .debug_str     0x0000000000097946       0x6d ./Core/Src/usart.o
                                      0x92055 (size before relaxing)
 .debug_str     0x00000000000979b3       0x36 ./Core/Startup/startup_stm32f103rctx.o
                                         0x78 (size before relaxing)
 .debug_str     0x00000000000979e9      0x384 ./Drivers/STM32F1xx_HAL_Driver/Src/stm32f1xx_hal.o
                                      0x91e36 (size before relaxing)
 .debug_str     0x0000000000097d6d      0x294 ./Drivers/STM32F1xx_HAL_Driver/Src/stm32f1xx_hal_cortex.o
                                      0x91d82 (size before relaxing)
 .debug_str     0x0000000000098001      0x206 ./Drivers/STM32F1xx_HAL_Driver/Src/stm32f1xx_hal_dma.o
                                      0x919c8 (size before relaxing)
 .debug_str     0x0000000000098207      0x2bd ./Drivers/STM32F1xx_HAL_Driver/Src/stm32f1xx_hal_gpio.o
                                      0x919a5 (size before relaxing)
 .debug_str     0x00000000000984c4      0x229 ./Drivers/STM32F1xx_HAL_Driver/Src/stm32f1xx_hal_rcc.o
                                      0x91a4e (size before relaxing)
 .debug_str     0x00000000000986ed      0xc22 ./Drivers/STM32F1xx_HAL_Driver/Src/stm32f1xx_hal_tim.o
                                      0x92a39 (size before relaxing)
 .debug_str     0x000000000009930f      0x3cc ./Drivers/STM32F1xx_HAL_Driver/Src/stm32f1xx_hal_tim_ex.o
                                      0x92255 (size before relaxing)
 .debug_str     0x00000000000996db      0x577 ./Drivers/STM32F1xx_HAL_Driver/Src/stm32f1xx_hal_uart.o
                                      0x92059 (size before relaxing)

.comment        0x0000000000000000       0x50
 .comment       0x0000000000000000       0x50 ./BSP/bsp.o
                                         0x51 (size before relaxing)
 .comment       0x0000000000000050       0x51 ./BSP/bsp_beep.o
 .comment       0x0000000000000050       0x51 ./BSP/bsp_encoder.o
 .comment       0x0000000000000050       0x51 ./BSP/bsp_key.o
 .comment       0x0000000000000050       0x51 ./BSP/bsp_motion.o
 .comment       0x0000000000000050       0x51 ./BSP/bsp_motor.o
 .comment       0x0000000000000050       0x51 ./BSP/bsp_pid.o
 .comment       0x0000000000000050       0x51 ./BSP/bsp_pwmServo.o
 .comment       0x0000000000000050       0x51 ./BSP/bsp_uart.o
 .comment       0x0000000000000050       0x51 ./Core/Src/dma.o
 .comment       0x0000000000000050       0x51 ./Core/Src/gpio.o
 .comment       0x0000000000000050       0x51 ./Core/Src/main.o
 .comment       0x0000000000000050       0x51 ./Core/Src/stm32f1xx_hal_msp.o
 .comment       0x0000000000000050       0x51 ./Core/Src/stm32f1xx_it.o
 .comment       0x0000000000000050       0x51 ./Core/Src/system_stm32f1xx.o
 .comment       0x0000000000000050       0x51 ./Core/Src/tim.o
 .comment       0x0000000000000050       0x51 ./Core/Src/usart.o
 .comment       0x0000000000000050       0x51 ./Drivers/STM32F1xx_HAL_Driver/Src/stm32f1xx_hal.o
 .comment       0x0000000000000050       0x51 ./Drivers/STM32F1xx_HAL_Driver/Src/stm32f1xx_hal_cortex.o
 .comment       0x0000000000000050       0x51 ./Drivers/STM32F1xx_HAL_Driver/Src/stm32f1xx_hal_dma.o
 .comment       0x0000000000000050       0x51 ./Drivers/STM32F1xx_HAL_Driver/Src/stm32f1xx_hal_gpio.o
 .comment       0x0000000000000050       0x51 ./Drivers/STM32F1xx_HAL_Driver/Src/stm32f1xx_hal_rcc.o
 .comment       0x0000000000000050       0x51 ./Drivers/STM32F1xx_HAL_Driver/Src/stm32f1xx_hal_tim.o
 .comment       0x0000000000000050       0x51 ./Drivers/STM32F1xx_HAL_Driver/Src/stm32f1xx_hal_tim_ex.o
 .comment       0x0000000000000050       0x51 ./Drivers/STM32F1xx_HAL_Driver/Src/stm32f1xx_hal_uart.o

.debug_frame    0x0000000000000000     0x3b70
 .debug_frame   0x0000000000000000       0x64 ./BSP/bsp.o
 .debug_frame   0x0000000000000064       0xe0 ./BSP/bsp_beep.o
 .debug_frame   0x0000000000000144       0xc0 ./BSP/bsp_encoder.o
 .debug_frame   0x0000000000000204       0x50 ./BSP/bsp_key.o
 .debug_frame   0x0000000000000254      0x154 ./BSP/bsp_motion.o
 .debug_frame   0x00000000000003a8       0xa0 ./BSP/bsp_motor.o
 .debug_frame   0x0000000000000448      0x100 ./BSP/bsp_pid.o
 .debug_frame   0x0000000000000548       0xec ./BSP/bsp_pwmServo.o
 .debug_frame   0x0000000000000634       0xbc ./BSP/bsp_uart.o
 .debug_frame   0x00000000000006f0       0x34 ./Core/Src/dma.o
 .debug_frame   0x0000000000000724       0x34 ./Core/Src/gpio.o
 .debug_frame   0x0000000000000758       0x68 ./Core/Src/main.o
 .debug_frame   0x00000000000007c0       0x38 ./Core/Src/stm32f1xx_hal_msp.o
 .debug_frame   0x00000000000007f8      0x158 ./Core/Src/stm32f1xx_it.o
 .debug_frame   0x0000000000000950       0x58 ./Core/Src/system_stm32f1xx.o
 .debug_frame   0x00000000000009a8      0x1c0 ./Core/Src/tim.o
 .debug_frame   0x0000000000000b68       0x74 ./Core/Src/usart.o
 .debug_frame   0x0000000000000bdc      0x334 ./Drivers/STM32F1xx_HAL_Driver/Src/stm32f1xx_hal.o
 .debug_frame   0x0000000000000f10      0x428 ./Drivers/STM32F1xx_HAL_Driver/Src/stm32f1xx_hal_cortex.o
 .debug_frame   0x0000000000001338      0x20c ./Drivers/STM32F1xx_HAL_Driver/Src/stm32f1xx_hal_dma.o
 .debug_frame   0x0000000000001544      0x14c ./Drivers/STM32F1xx_HAL_Driver/Src/stm32f1xx_hal_gpio.o
 .debug_frame   0x0000000000001690      0x21c ./Drivers/STM32F1xx_HAL_Driver/Src/stm32f1xx_hal_rcc.o
 .debug_frame   0x00000000000018ac     0x11bc ./Drivers/STM32F1xx_HAL_Driver/Src/stm32f1xx_hal_tim.o
 .debug_frame   0x0000000000002a68      0x638 ./Drivers/STM32F1xx_HAL_Driver/Src/stm32f1xx_hal_tim_ex.o
 .debug_frame   0x00000000000030a0      0x914 ./Drivers/STM32F1xx_HAL_Driver/Src/stm32f1xx_hal_uart.o
 .debug_frame   0x00000000000039b4       0x2c e:/stm/stm32cubeide_1.12.0/stm32cubeide/plugins/com.st.stm32cube.ide.mcu.externaltools.gnu-tools-for-stm32.10.3-2021.10.win32_1.0.200.202301161003/tools/bin/../lib/gcc/arm-none-eabi/10.3.1/../../../../arm-none-eabi/lib/thumb/v7-m/nofp\libc_nano.a(lib_a-init.o)
 .debug_frame   0x00000000000039e0       0x20 e:/stm/stm32cubeide_1.12.0/stm32cubeide/plugins/com.st.stm32cube.ide.mcu.externaltools.gnu-tools-for-stm32.10.3-2021.10.win32_1.0.200.202301161003/tools/bin/../lib/gcc/arm-none-eabi/10.3.1/../../../../arm-none-eabi/lib/thumb/v7-m/nofp\libc_nano.a(lib_a-memset.o)
 .debug_frame   0x0000000000003a00       0x4c e:/stm/stm32cubeide_1.12.0/stm32cubeide/plugins/com.st.stm32cube.ide.mcu.externaltools.gnu-tools-for-stm32.10.3-2021.10.win32_1.0.200.202301161003/tools/bin/../lib/gcc/arm-none-eabi/10.3.1/thumb/v7-m/nofp\libgcc.a(_arm_addsubsf3.o)
 .debug_frame   0x0000000000003a4c       0x38 e:/stm/stm32cubeide_1.12.0/stm32cubeide/plugins/com.st.stm32cube.ide.mcu.externaltools.gnu-tools-for-stm32.10.3-2021.10.win32_1.0.200.202301161003/tools/bin/../lib/gcc/arm-none-eabi/10.3.1/thumb/v7-m/nofp\libgcc.a(_arm_muldivsf3.o)
 .debug_frame   0x0000000000003a84       0xc8 e:/stm/stm32cubeide_1.12.0/stm32cubeide/plugins/com.st.stm32cube.ide.mcu.externaltools.gnu-tools-for-stm32.10.3-2021.10.win32_1.0.200.202301161003/tools/bin/../lib/gcc/arm-none-eabi/10.3.1/thumb/v7-m/nofp\libgcc.a(_arm_cmpsf2.o)
 .debug_frame   0x0000000000003b4c       0x24 e:/stm/stm32cubeide_1.12.0/stm32cubeide/plugins/com.st.stm32cube.ide.mcu.externaltools.gnu-tools-for-stm32.10.3-2021.10.win32_1.0.200.202301161003/tools/bin/../lib/gcc/arm-none-eabi/10.3.1/thumb/v7-m/nofp\libgcc.a(_arm_fixsfsi.o)
